Archive member included to satisfy reference by file (symbol)

/home/user/STM32Toolchain/gcc-arm-none-eabi-9-2020-q2-update-x86_64-linux/gcc-arm-none-eabi-9-2020-q2-update/bin/../lib/gcc/arm-none-eabi/9.3.1/../../../../arm-none-eabi/lib/thumb/v7e-m+dp/hard/libc_nano.a(lib_a-errno.o)
                              build/serial.o (__errno)
/home/user/STM32Toolchain/gcc-arm-none-eabi-9-2020-q2-update-x86_64-linux/gcc-arm-none-eabi-9-2020-q2-update/bin/../lib/gcc/arm-none-eabi/9.3.1/../../../../arm-none-eabi/lib/thumb/v7e-m+dp/hard/libc_nano.a(lib_a-exit.o)
                              /home/user/STM32Toolchain/gcc-arm-none-eabi-9-2020-q2-update-x86_64-linux/gcc-arm-none-eabi-9-2020-q2-update/bin/../lib/gcc/arm-none-eabi/9.3.1/../../../../arm-none-eabi/lib/thumb/v7e-m+dp/hard/crt0.o (exit)
/home/user/STM32Toolchain/gcc-arm-none-eabi-9-2020-q2-update-x86_64-linux/gcc-arm-none-eabi-9-2020-q2-update/bin/../lib/gcc/arm-none-eabi/9.3.1/../../../../arm-none-eabi/lib/thumb/v7e-m+dp/hard/libc_nano.a(lib_a-impure.o)
                              /home/user/STM32Toolchain/gcc-arm-none-eabi-9-2020-q2-update-x86_64-linux/gcc-arm-none-eabi-9-2020-q2-update/bin/../lib/gcc/arm-none-eabi/9.3.1/../../../../arm-none-eabi/lib/thumb/v7e-m+dp/hard/libc_nano.a(lib_a-exit.o) (_global_impure_ptr)
/home/user/STM32Toolchain/gcc-arm-none-eabi-9-2020-q2-update-x86_64-linux/gcc-arm-none-eabi-9-2020-q2-update/bin/../lib/gcc/arm-none-eabi/9.3.1/../../../../arm-none-eabi/lib/thumb/v7e-m+dp/hard/libc_nano.a(lib_a-init.o)
                              /home/user/STM32Toolchain/gcc-arm-none-eabi-9-2020-q2-update-x86_64-linux/gcc-arm-none-eabi-9-2020-q2-update/bin/../lib/gcc/arm-none-eabi/9.3.1/../../../../arm-none-eabi/lib/thumb/v7e-m+dp/hard/crt0.o (__libc_init_array)
/home/user/STM32Toolchain/gcc-arm-none-eabi-9-2020-q2-update-x86_64-linux/gcc-arm-none-eabi-9-2020-q2-update/bin/../lib/gcc/arm-none-eabi/9.3.1/../../../../arm-none-eabi/lib/thumb/v7e-m+dp/hard/libc_nano.a(lib_a-memset.o)
                              /home/user/STM32Toolchain/gcc-arm-none-eabi-9-2020-q2-update-x86_64-linux/gcc-arm-none-eabi-9-2020-q2-update/bin/../lib/gcc/arm-none-eabi/9.3.1/../../../../arm-none-eabi/lib/thumb/v7e-m+dp/hard/crt0.o (memset)
/home/user/STM32Toolchain/gcc-arm-none-eabi-9-2020-q2-update-x86_64-linux/gcc-arm-none-eabi-9-2020-q2-update/bin/../lib/gcc/arm-none-eabi/9.3.1/../../../../arm-none-eabi/lib/thumb/v7e-m+dp/hard/libc_nano.a(lib_a-puts.o)
                              build/main.o (puts)
/home/user/STM32Toolchain/gcc-arm-none-eabi-9-2020-q2-update-x86_64-linux/gcc-arm-none-eabi-9-2020-q2-update/bin/../lib/gcc/arm-none-eabi/9.3.1/../../../../arm-none-eabi/lib/thumb/v7e-m+dp/hard/libc_nano.a(lib_a-wbuf.o)
                              /home/user/STM32Toolchain/gcc-arm-none-eabi-9-2020-q2-update-x86_64-linux/gcc-arm-none-eabi-9-2020-q2-update/bin/../lib/gcc/arm-none-eabi/9.3.1/../../../../arm-none-eabi/lib/thumb/v7e-m+dp/hard/libc_nano.a(lib_a-puts.o) (__swbuf_r)
/home/user/STM32Toolchain/gcc-arm-none-eabi-9-2020-q2-update-x86_64-linux/gcc-arm-none-eabi-9-2020-q2-update/bin/../lib/gcc/arm-none-eabi/9.3.1/../../../../arm-none-eabi/lib/thumb/v7e-m+dp/hard/libc_nano.a(lib_a-wsetup.o)
                              /home/user/STM32Toolchain/gcc-arm-none-eabi-9-2020-q2-update-x86_64-linux/gcc-arm-none-eabi-9-2020-q2-update/bin/../lib/gcc/arm-none-eabi/9.3.1/../../../../arm-none-eabi/lib/thumb/v7e-m+dp/hard/libc_nano.a(lib_a-puts.o) (__swsetup_r)
/home/user/STM32Toolchain/gcc-arm-none-eabi-9-2020-q2-update-x86_64-linux/gcc-arm-none-eabi-9-2020-q2-update/bin/../lib/gcc/arm-none-eabi/9.3.1/../../../../arm-none-eabi/lib/thumb/v7e-m+dp/hard/libc_nano.a(lib_a-fflush.o)
                              /home/user/STM32Toolchain/gcc-arm-none-eabi-9-2020-q2-update-x86_64-linux/gcc-arm-none-eabi-9-2020-q2-update/bin/../lib/gcc/arm-none-eabi/9.3.1/../../../../arm-none-eabi/lib/thumb/v7e-m+dp/hard/libc_nano.a(lib_a-wbuf.o) (_fflush_r)
/home/user/STM32Toolchain/gcc-arm-none-eabi-9-2020-q2-update-x86_64-linux/gcc-arm-none-eabi-9-2020-q2-update/bin/../lib/gcc/arm-none-eabi/9.3.1/../../../../arm-none-eabi/lib/thumb/v7e-m+dp/hard/libc_nano.a(lib_a-findfp.o)
                              /home/user/STM32Toolchain/gcc-arm-none-eabi-9-2020-q2-update-x86_64-linux/gcc-arm-none-eabi-9-2020-q2-update/bin/../lib/gcc/arm-none-eabi/9.3.1/../../../../arm-none-eabi/lib/thumb/v7e-m+dp/hard/libc_nano.a(lib_a-puts.o) (__sinit)
/home/user/STM32Toolchain/gcc-arm-none-eabi-9-2020-q2-update-x86_64-linux/gcc-arm-none-eabi-9-2020-q2-update/bin/../lib/gcc/arm-none-eabi/9.3.1/../../../../arm-none-eabi/lib/thumb/v7e-m+dp/hard/libc_nano.a(lib_a-fwalk.o)
                              /home/user/STM32Toolchain/gcc-arm-none-eabi-9-2020-q2-update-x86_64-linux/gcc-arm-none-eabi-9-2020-q2-update/bin/../lib/gcc/arm-none-eabi/9.3.1/../../../../arm-none-eabi/lib/thumb/v7e-m+dp/hard/libc_nano.a(lib_a-findfp.o) (_fwalk)
[...]
Memory Configuration

Name             Origin             Length             Attributes
RAM              0x0000000020000000 0x0000000000080000 xrw
FLASH            0x0000000008000000 0x0000000000100000 xr
*default*        0x0000000000000000 0xffffffffffffffff

Linker script and memory map

LOAD /home/user/STM32Toolchain/gcc-arm-none-eabi-9-2020-q2-update-x86_64-linux/gcc-arm-none-eabi-9-2020-q2-update/bin/../lib/gcc/arm-none-eabi/9.3.1/thumb/v7e-m+dp/hard/crti.o
LOAD /home/user/STM32Toolchain/gcc-arm-none-eabi-9-2020-q2-update-x86_64-linux/gcc-arm-none-eabi-9-2020-q2-update/bin/../lib/gcc/arm-none-eabi/9.3.1/thumb/v7e-m+dp/hard/crtbegin.o
LOAD /home/user/STM32Toolchain/gcc-arm-none-eabi-9-2020-q2-update-x86_64-linux/gcc-arm-none-eabi-9-2020-q2-update/bin/../lib/gcc/arm-none-eabi/9.3.1/../../../../arm-none-eabi/lib/thumb/v7e-m+dp/hard/crt0.o
LOAD build/main.o
LOAD build/stm32f7xx_it.o
LOAD build/stm32f7xx_hal_msp.o
LOAD build/stm32f7xx_hal_cortex.o
LOAD build/stm32f7xx_hal_tim.o
LOAD build/stm32f7xx_hal_tim_ex.o
LOAD build/stm32f7xx_hal_rcc.o
LOAD build/stm32f7xx_hal_rcc_ex.o
LOAD build/stm32f7xx_hal_flash.o
LOAD build/stm32f7xx_hal_flash_ex.o
LOAD build/stm32f7xx_hal_gpio.o
LOAD build/stm32f7xx_hal_dma.o
LOAD build/stm32f7xx_hal_dma_ex.o
LOAD build/stm32f7xx_hal_pwr.o
LOAD build/stm32f7xx_hal_pwr_ex.o
LOAD build/stm32f7xx_hal.o
LOAD build/stm32f7xx_hal_i2c.o
LOAD build/stm32f7xx_hal_i2c_ex.o
LOAD build/stm32f7xx_hal_exti.o
LOAD build/system_stm32f7xx.o
LOAD build/stm32f7xx_hal_ltdc.o
LOAD build/stm32f7xx_hal_ltdc_ex.o
LOAD build/stm32f7xx_hal_dsi.o
LOAD build/stm32f7xx_hal_qspi.o
LOAD build/stm32f7xx_hal_uart.o
LOAD build/stm32f7xx_hal_uart_ex.o
LOAD build/stm32f7xx_ll_fmc.o
LOAD build/stm32f7xx_hal_sdram.o
LOAD build/serial.o
LOAD build/lcd.o
LOAD build/ts.o
LOAD build/touch.o
LOAD build/sdram.o
LOAD build/sx8650.o
LOAD build/startup_stm32f769xx.o
LOAD /home/user/STM32Toolchain/gcc-arm-none-eabi-9-2020-q2-update-x86_64-linux/gcc-arm-none-eabi-9-2020-q2-update/bin/../lib/gcc/arm-none-eabi/9.3.1/../../../../arm-none-eabi/lib/thumb/v7e-m+dp/hard/libc_nano.a
LOAD /home/user/STM32Toolchain/gcc-arm-none-eabi-9-2020-q2-update-x86_64-linux/gcc-arm-none-eabi-9-2020-q2-update/bin/../lib/gcc/arm-none-eabi/9.3.1/../../../../arm-none-eabi/lib/thumb/v7e-m+dp/hard/libm.a
LOAD /home/user/STM32Toolchain/gcc-arm-none-eabi-9-2020-q2-update-x86_64-linux/gcc-arm-none-eabi-9-2020-q2-update/bin/../lib/gcc/arm-none-eabi/9.3.1/../../../../arm-none-eabi/lib/thumb/v7e-m+dp/hard/libnosys.a
START GROUP
LOAD /home/user/STM32Toolchain/gcc-arm-none-eabi-9-2020-q2-update-x86_64-linux/gcc-arm-none-eabi-9-2020-q2-update/bin/../lib/gcc/arm-none-eabi/9.3.1/thumb/v7e-m+dp/hard/libgcc.a
LOAD /home/user/STM32Toolchain/gcc-arm-none-eabi-9-2020-q2-update-x86_64-linux/gcc-arm-none-eabi-9-2020-q2-update/bin/../lib/gcc/arm-none-eabi/9.3.1/../../../../arm-none-eabi/lib/thumb/v7e-m+dp/hard/libc_nano.a
END GROUP
START GROUP
LOAD /home/user/STM32Toolchain/gcc-arm-none-eabi-9-2020-q2-update-x86_64-linux/gcc-arm-none-eabi-9-2020-q2-update/bin/../lib/gcc/arm-none-eabi/9.3.1/thumb/v7e-m+dp/hard/libgcc.a
LOAD /home/user/STM32Toolchain/gcc-arm-none-eabi-9-2020-q2-update-x86_64-linux/gcc-arm-none-eabi-9-2020-q2-update/bin/../lib/gcc/arm-none-eabi/9.3.1/../../../../arm-none-eabi/lib/thumb/v7e-m+dp/hard/libc_nano.a
END GROUP
LOAD /home/user/STM32Toolchain/gcc-arm-none-eabi-9-2020-q2-update-x86_64-linux/gcc-arm-none-eabi-9-2020-q2-update/bin/../lib/gcc/arm-none-eabi/9.3.1/thumb/v7e-m+dp/hard/crtend.o
LOAD /home/user/STM32Toolchain/gcc-arm-none-eabi-9-2020-q2-update-x86_64-linux/gcc-arm-none-eabi-9-2020-q2-update/bin/../lib/gcc/arm-none-eabi/9.3.1/thumb/v7e-m+dp/hard/crtn.o
                0x0000000020080000                _estack = 0x20080000
                0x0000000000000200                _Min_Heap_Size = 0x200
                0x0000000000000400                _Min_Stack_Size = 0x400

.isr_vector     0x0000000008000000      0x1f8
                0x0000000008000000                . = ALIGN (0x4)
 *(.isr_vector)
 .isr_vector    0x0000000008000000      0x1f8 build/startup_stm32f769xx.o
                0x0000000008000000                g_pfnVectors
                0x00000000080001f8                . = ALIGN (0x4)

.text           0x00000000080001f8     0x41e8
                0x00000000080001f8                . = ALIGN (0x4)
 *(.text)
 .text          0x00000000080001f8       0x40 /home/user/STM32Toolchain/gcc-arm-none-eabi-9-2020-q2-update-x86_64-linux/gcc-arm-none-eabi-9-2020-q2-update/bin/../lib/gcc/arm-none-eabi/9.3.1/thumb/v7e-m+dp/hard/crtbegin.o
 .text          0x0000000008000238       0x30 /home/user/STM32Toolchain/gcc-arm-none-eabi-9-2020-q2-update-x86_64-linux/gcc-arm-none-eabi-9-2020-q2-update/bin/../lib/gcc/arm-none-eabi/9.3.1/thumb/v7e-m+dp/hard/libgcc.a(_aeabi_uldivmod.o)
                0x0000000008000238                __aeabi_uldivmod
 .text          0x0000000008000268      0x2c4 /home/user/STM32Toolchain/gcc-arm-none-eabi-9-2020-q2-update-x86_64-linux/gcc-arm-none-eabi-9-2020-q2-update/bin/../lib/gcc/arm-none-eabi/9.3.1/thumb/v7e-m+dp/hard/libgcc.a(_udivmoddi4.o)
                0x0000000008000268                __udivmoddi4
 .text          0x000000000800052c        0x4 /home/user/STM32Toolchain/gcc-arm-none-eabi-9-2020-q2-update-x86_64-linux/gcc-arm-none-eabi-9-2020-q2-update/bin/../lib/gcc/arm-none-eabi/9.3.1/thumb/v7e-m+dp/hard/libgcc.a(_dvmd_tls.o)
                0x000000000800052c                __aeabi_ldiv0
                0x000000000800052c                __aeabi_idiv0
 *(.text*)
 .text.MX_GPIO_Init
                0x0000000008000530       0xc0 build/main.o
 .text.MX_I2C4_Init
                0x00000000080005f0       0x44 build/main.o
 .text.MX_LTDC_Init
                0x0000000008000634       0xe0 build/main.o
 .text.MX_QUADSPI_Init
                0x0000000008000714       0x30 build/main.o
 .text.MX_UART5_Init
                0x0000000008000744       0x30 build/main.o
 .text.MX_FMC_Init
                0x0000000008000774       0x50 build/main.o
 .text.SystemClock_Config
                0x00000000080007c4       0xbc build/main.o
                0x00000000080007c4                SystemClock_Config
 .text.main     0x0000000008000880       0x60 build/main.o
                0x0000000008000880                main
 .text.Error_Handler
                0x00000000080008e0        0x2 build/main.o
                0x00000000080008e0                Error_Handler
 .text.NMI_Handler
                0x00000000080008e2        0x2 build/stm32f7xx_it.o
                0x00000000080008e2                NMI_Handler
 .text.HardFault_Handler
                0x00000000080008e4        0x2 build/stm32f7xx_it.o
                0x00000000080008e4                HardFault_Handler
 .text.MemManage_Handler
                0x00000000080008e6        0x2 build/stm32f7xx_it.o
                0x00000000080008e6                MemManage_Handler
 .text.BusFault_Handler
                0x00000000080008e8        0x2 build/stm32f7xx_it.o
                0x00000000080008e8                BusFault_Handler
 .text.UsageFault_Handler
                0x00000000080008ea        0x2 build/stm32f7xx_it.o
                0x00000000080008ea                UsageFault_Handler
 .text.SVC_Handler
                0x00000000080008ec        0x2 build/stm32f7xx_it.o
                0x00000000080008ec                SVC_Handler
 .text.DebugMon_Handler
                0x00000000080008ee        0x2 build/stm32f7xx_it.o
                0x00000000080008ee                DebugMon_Handler
 .text.PendSV_Handler
                0x00000000080008f0        0x2 build/stm32f7xx_it.o
                0x00000000080008f0                PendSV_Handler
 .text.SysTick_Handler
                0x00000000080008f2        0x8 build/stm32f7xx_it.o
                0x00000000080008f2                SysTick_Handler
 *fill*         0x00000000080008fa        0x2 
 .text.I2C4_EV_IRQHandler
                0x00000000080008fc       0x10 build/stm32f7xx_it.o
                0x00000000080008fc                I2C4_EV_IRQHandler
 .text.I2C4_ER_IRQHandler
                0x000000000800090c       0x10 build/stm32f7xx_it.o
                0x000000000800090c                I2C4_ER_IRQHandler
 .text.HAL_FMC_MspInit
                0x000000000800091c       0xd8 build/stm32f7xx_hal_msp.o
 .text.HAL_MspInit
                0x00000000080009f4       0x30 build/stm32f7xx_hal_msp.o
                0x00000000080009f4                HAL_MspInit
 .text.HAL_I2C_MspInit
                0x0000000008000a24       0xbc build/stm32f7xx_hal_msp.o
                0x0000000008000a24                HAL_I2C_MspInit
 .text.HAL_LTDC_MspInit
                0x0000000008000ae0      0x1f8 build/stm32f7xx_hal_msp.o
                0x0000000008000ae0                HAL_LTDC_MspInit
 .text.HAL_QSPI_MspInit
                0x0000000008000cd8      0x118 build/stm32f7xx_hal_msp.o
                0x0000000008000cd8                HAL_QSPI_MspInit
 .text.HAL_UART_MspInit
                0x0000000008000df0       0x70 build/stm32f7xx_hal_msp.o
                0x0000000008000df0                HAL_UART_MspInit
 .text.HAL_SDRAM_MspInit
                0x0000000008000e60        0x8 build/stm32f7xx_hal_msp.o
                0x0000000008000e60                HAL_SDRAM_MspInit
 .text.HAL_NVIC_SetPriorityGrouping
                0x0000000008000e68       0x24 build/stm32f7xx_hal_cortex.o
                0x0000000008000e68                HAL_NVIC_SetPriorityGrouping
 .text.HAL_NVIC_SetPriority
                0x0000000008000e8c       0x64 build/stm32f7xx_hal_cortex.o
                0x0000000008000e8c                HAL_NVIC_SetPriority
 .text.HAL_NVIC_EnableIRQ
                0x0000000008000ef0       0x1c build/stm32f7xx_hal_cortex.o
                0x0000000008000ef0                HAL_NVIC_EnableIRQ
 .text.HAL_SYSTICK_Config
                0x0000000008000f0c       0x2c build/stm32f7xx_hal_cortex.o
                0x0000000008000f0c                HAL_SYSTICK_Config
 .text.HAL_RCC_OscConfig
                0x0000000008000f38      0x444 build/stm32f7xx_hal_rcc.o
                0x0000000008000f38                HAL_RCC_OscConfig
 .text.HAL_RCC_GetSysClockFreq
                0x000000000800137c       0xa0 build/stm32f7xx_hal_rcc.o
                0x000000000800137c                HAL_RCC_GetSysClockFreq
 .text.HAL_RCC_ClockConfig
                0x000000000800141c      0x16c build/stm32f7xx_hal_rcc.o
                0x000000000800141c                HAL_RCC_ClockConfig
 .text.HAL_RCC_GetHCLKFreq
                0x0000000008001588        0xc build/stm32f7xx_hal_rcc.o
                0x0000000008001588                HAL_RCC_GetHCLKFreq
 .text.HAL_RCC_GetPCLK1Freq
                0x0000000008001594       0x20 build/stm32f7xx_hal_rcc.o
                0x0000000008001594                HAL_RCC_GetPCLK1Freq
 .text.HAL_RCC_GetPCLK2Freq
                0x00000000080015b4       0x20 build/stm32f7xx_hal_rcc.o
                0x00000000080015b4                HAL_RCC_GetPCLK2Freq
 .text.HAL_RCCEx_PeriphCLKConfig
                0x00000000080015d4      0x604 build/stm32f7xx_hal_rcc_ex.o
                0x00000000080015d4                HAL_RCCEx_PeriphCLKConfig
 .text.HAL_GPIO_Init
                0x0000000008001bd8      0x1e0 build/stm32f7xx_hal_gpio.o
                0x0000000008001bd8                HAL_GPIO_Init
 .text.HAL_DMA_Abort_IT
                0x0000000008001db8       0x26 build/stm32f7xx_hal_dma.o
                0x0000000008001db8                HAL_DMA_Abort_IT
 *fill*         0x0000000008001dde        0x2 
 .text.HAL_InitTick
                0x0000000008001de0       0x4c build/stm32f7xx_hal.o
                0x0000000008001de0                HAL_InitTick
 .text.HAL_Init
                0x0000000008001e2c       0x16 build/stm32f7xx_hal.o
                0x0000000008001e2c                HAL_Init
 *fill*         0x0000000008001e42        0x2 
 .text.HAL_IncTick
                0x0000000008001e44       0x18 build/stm32f7xx_hal.o
                0x0000000008001e44                HAL_IncTick
 .text.HAL_GetTick
                0x0000000008001e5c        0xc build/stm32f7xx_hal.o
                0x0000000008001e5c                HAL_GetTick
 .text.HAL_Delay
                0x0000000008001e68       0x28 build/stm32f7xx_hal.o
                0x0000000008001e68                HAL_Delay
 .text.I2C_Flush_TXDR
                0x0000000008001e90       0x22 build/stm32f7xx_hal_i2c.o
 .text.I2C_Disable_IRQ
                0x0000000008001eb2       0xb8 build/stm32f7xx_hal_i2c.o
 *fill*         0x0000000008001f6a        0x2 
 .text.HAL_I2C_Init
                0x0000000008001f6c       0xbc build/stm32f7xx_hal_i2c.o
                0x0000000008001f6c                HAL_I2C_Init
 .text.HAL_I2C_EV_IRQHandler
                0x0000000008002028       0x10 build/stm32f7xx_hal_i2c.o
                0x0000000008002028                HAL_I2C_EV_IRQHandler
 .text.HAL_I2C_SlaveTxCpltCallback
                0x0000000008002038        0x2 build/stm32f7xx_hal_i2c.o
                0x0000000008002038                HAL_I2C_SlaveTxCpltCallback
 .text.HAL_I2C_SlaveRxCpltCallback
                0x000000000800203a        0x2 build/stm32f7xx_hal_i2c.o
                0x000000000800203a                HAL_I2C_SlaveRxCpltCallback
 .text.I2C_ITSlaveSeqCplt
                0x000000000800203c       0x5c build/stm32f7xx_hal_i2c.o
 .text.HAL_I2C_AddrCallback
                0x0000000008002098        0x2 build/stm32f7xx_hal_i2c.o
                0x0000000008002098                HAL_I2C_AddrCallback
 .text.I2C_ITAddrCplt
                0x000000000800209a       0x9c build/stm32f7xx_hal_i2c.o
 .text.HAL_I2C_ListenCpltCallback
                0x0000000008002136        0x2 build/stm32f7xx_hal_i2c.o
                0x0000000008002136                HAL_I2C_ListenCpltCallback
 .text.I2C_ITListenCplt
                0x0000000008002138       0x68 build/stm32f7xx_hal_i2c.o
 .text.HAL_I2C_ErrorCallback
                0x00000000080021a0        0x2 build/stm32f7xx_hal_i2c.o
                0x00000000080021a0                HAL_I2C_ErrorCallback
 .text.HAL_I2C_AbortCpltCallback
                0x00000000080021a2        0x2 build/stm32f7xx_hal_i2c.o
                0x00000000080021a2                HAL_I2C_AbortCpltCallback
 .text.I2C_ITError
                0x00000000080021a4       0xf4 build/stm32f7xx_hal_i2c.o
 .text.I2C_ITSlaveCplt
                0x0000000008002298      0x120 build/stm32f7xx_hal_i2c.o
 .text.I2C_Slave_ISR_IT
                0x00000000080023b8      0x15c build/stm32f7xx_hal_i2c.o
 .text.HAL_I2C_ER_IRQHandler
                0x0000000008002514       0x6a build/stm32f7xx_hal_i2c.o
                0x0000000008002514                HAL_I2C_ER_IRQHandler
 .text.I2C_DMAAbort
                0x000000000800257e       0x2a build/stm32f7xx_hal_i2c.o
 .text.HAL_I2CEx_ConfigAnalogFilter
                0x00000000080025a8       0x5c build/stm32f7xx_hal_i2c_ex.o
                0x00000000080025a8                HAL_I2CEx_ConfigAnalogFilter
 .text.HAL_I2CEx_ConfigDigitalFilter
                0x0000000008002604       0x58 build/stm32f7xx_hal_i2c_ex.o
                0x0000000008002604                HAL_I2CEx_ConfigDigitalFilter
 .text.SystemInit
                0x000000000800265c       0x1c build/system_stm32f7xx.o
                0x000000000800265c                SystemInit
 .text.LTDC_SetConfig
                0x0000000008002678      0x1ac build/stm32f7xx_hal_ltdc.o
 .text.HAL_LTDC_Init
                0x0000000008002824       0xf4 build/stm32f7xx_hal_ltdc.o
                0x0000000008002824                HAL_LTDC_Init
 .text.HAL_LTDC_ConfigLayer
                0x0000000008002918       0x5c build/stm32f7xx_hal_ltdc.o
                0x0000000008002918                HAL_LTDC_ConfigLayer
 .text.QSPI_WaitFlagStateUntilTimeout
                0x0000000008002974       0x50 build/stm32f7xx_hal_qspi.o
 .text.HAL_QSPI_SetTimeout
                0x00000000080029c4        0x4 build/stm32f7xx_hal_qspi.o
                0x00000000080029c4                HAL_QSPI_SetTimeout
 .text.HAL_QSPI_Init
                0x00000000080029c8       0xb0 build/stm32f7xx_hal_qspi.o
                0x00000000080029c8                HAL_QSPI_Init
 .text.UART_SetConfig
                0x0000000008002a78      0x3a0 build/stm32f7xx_hal_uart.o
                0x0000000008002a78                UART_SetConfig
 .text.UART_AdvFeatureConfig
                0x0000000008002e18       0xca build/stm32f7xx_hal_uart.o
                0x0000000008002e18                UART_AdvFeatureConfig
 .text.UART_WaitOnFlagUntilTimeout
                0x0000000008002ee2       0xa2 build/stm32f7xx_hal_uart.o
                0x0000000008002ee2                UART_WaitOnFlagUntilTimeout
 .text.HAL_UART_Transmit
                0x0000000008002f84       0xda build/stm32f7xx_hal_uart.o
                0x0000000008002f84                HAL_UART_Transmit
 .text.HAL_UART_Receive
                0x000000000800305e      0x126 build/stm32f7xx_hal_uart.o
                0x000000000800305e                HAL_UART_Receive
 .text.UART_CheckIdleState
                0x0000000008003184       0x6c build/stm32f7xx_hal_uart.o
                0x0000000008003184                UART_CheckIdleState
 .text.HAL_UART_Init
                0x00000000080031f0       0x62 build/stm32f7xx_hal_uart.o
                0x00000000080031f0                HAL_UART_Init
 *fill*         0x0000000008003252        0x2 
 .text.FMC_SDRAM_Init
                0x0000000008003254       0x74 build/stm32f7xx_ll_fmc.o
                0x0000000008003254                FMC_SDRAM_Init
 .text.FMC_SDRAM_Timing_Init
                0x00000000080032c8       0x98 build/stm32f7xx_ll_fmc.o
                0x00000000080032c8                FMC_SDRAM_Timing_Init
 .text.FMC_SDRAM_SendCommand
                0x0000000008003360       0x2c build/stm32f7xx_ll_fmc.o
                0x0000000008003360                FMC_SDRAM_SendCommand
 .text.HAL_SDRAM_Init
                0x000000000800338c       0x40 build/stm32f7xx_hal_sdram.o
                0x000000000800338c                HAL_SDRAM_Init
 .text.HAL_SDRAM_SendCommand
                0x00000000080033cc       0x36 build/stm32f7xx_hal_sdram.o
                0x00000000080033cc                HAL_SDRAM_SendCommand
 .text._isatty  0x0000000008003402       0x16 build/serial.o
                0x0000000008003402                _isatty
 .text._write   0x0000000008003418       0x34 build/serial.o
                0x0000000008003418                _write
 .text._close   0x000000000800344c       0x18 build/serial.o
                0x000000000800344c                _close
 .text._lseek   0x0000000008003464       0x10 build/serial.o
                0x0000000008003464                _lseek
 .text._read    0x0000000008003474       0x2c build/serial.o
                0x0000000008003474                _read
 .text._fstat   0x00000000080034a0       0x1a build/serial.o
                0x00000000080034a0                _fstat
 *fill*         0x00000000080034ba        0x2 
 .text.BSP_LCD_GetXSize
                0x00000000080034bc        0xc build/lcd.o
 .text.BSP_LCD_DrawPixel
                0x00000000080034c8       0x20 build/lcd.o
 .text.DrawChar
                0x00000000080034e8       0xc0 build/lcd.o
 .text.BSP_LCD_DisplayChar
                0x00000000080035a8       0x24 build/lcd.o
 .text.config_lcd_layer
                0x00000000080035cc       0x78 build/lcd.o
                0x00000000080035cc                config_lcd_layer
 .text.BSP_LCD_DisplayStringAt
                0x0000000008003644       0xa0 build/lcd.o
                0x0000000008003644                BSP_LCD_DisplayStringAt
 .text.TS_Init  0x00000000080036e4       0x50 build/ts.o
                0x00000000080036e4                TS_Init
 .text.touch_init
                0x0000000008003734       0x20 build/touch.o
                0x0000000008003734                touch_init
 .text.lcd_fill_buff
                0x0000000008003754       0x1c build/sdram.o
                0x0000000008003754                lcd_fill_buff
 .text.sdram_setup
                0x0000000008003770       0x9c build/sdram.o
                0x0000000008003770                sdram_setup
 .text.sx8650_ReadID
                0x000000000800380c        0x4 build/sx8650.o
                0x000000000800380c                sx8650_ReadID
 .text.sx8650_TS_GetXY
                0x0000000008003810       0x18 build/sx8650.o
                0x0000000008003810                sx8650_TS_GetXY
 .text.sx8650_TS_EnableIT
                0x0000000008003828        0x2 build/sx8650.o
                0x0000000008003828                sx8650_TS_EnableIT
 .text.sx8650_TS_DisableIT
                0x000000000800382a        0x2 build/sx8650.o
                0x000000000800382a                sx8650_TS_DisableIT
 .text.sx8650_Init
                0x000000000800382c        0x8 build/sx8650.o
                0x000000000800382c                sx8650_Init
 .text.sx8650_Reset
                0x0000000008003834       0x1e build/sx8650.o
                0x0000000008003834                sx8650_Reset
 .text.sx8650_TS_Start
                0x0000000008003852       0x6e build/sx8650.o
                0x0000000008003852                sx8650_TS_Start
 .text.sx8650_TS_ITStatus
                0x00000000080038c0        0xc build/sx8650.o
                0x00000000080038c0                sx8650_TS_ITStatus
 .text.sx8650_TS_ClearIT
                0x00000000080038cc        0xc build/sx8650.o
                0x00000000080038cc                sx8650_TS_ClearIT
 .text.sx8650_TS_DetectTouch
                0x00000000080038d8       0x90 build/sx8650.o
                0x00000000080038d8                sx8650_TS_DetectTouch
 .text.Reset_Handler
                0x0000000008003968       0x50 build/startup_stm32f769xx.o
                0x0000000008003968                Reset_Handler
 .text.Default_Handler
                0x00000000080039b8        0x2 build/startup_stm32f769xx.o
                0x00000000080039b8                RTC_Alarm_IRQHandler
                0x00000000080039b8                EXTI2_IRQHandler
                0x00000000080039b8                TIM8_CC_IRQHandler
                0x00000000080039b8                UART8_IRQHandler
                0x00000000080039b8                SPI4_IRQHandler
                0x00000000080039b8                TIM1_CC_IRQHandler
                0x00000000080039b8                DMA2_Stream5_IRQHandler
                0x00000000080039b8                JPEG_IRQHandler
                0x00000000080039b8                DMA1_Stream5_IRQHandler
                0x00000000080039b8                CAN3_RX1_IRQHandler
                0x00000000080039b8                PVD_IRQHandler
                0x00000000080039b8                TAMP_STAMP_IRQHandler
                0x00000000080039b8                CAN2_RX1_IRQHandler
                0x00000000080039b8                EXTI3_IRQHandler
                0x00000000080039b8                TIM8_TRG_COM_TIM14_IRQHandler
                0x00000000080039b8                DFSDM1_FLT1_IRQHandler
                0x00000000080039b8                TIM1_UP_TIM10_IRQHandler
                0x00000000080039b8                TIM8_UP_TIM13_IRQHandler
                0x00000000080039b8                I2C3_ER_IRQHandler
                0x00000000080039b8                DFSDM1_FLT2_IRQHandler
                0x00000000080039b8                EXTI0_IRQHandler
                0x00000000080039b8                I2C2_EV_IRQHandler
                0x00000000080039b8                DMA1_Stream2_IRQHandler
                0x00000000080039b8                CAN1_RX0_IRQHandler
                0x00000000080039b8                FPU_IRQHandler
                0x00000000080039b8                OTG_HS_WKUP_IRQHandler
                0x00000000080039b8                CAN3_SCE_IRQHandler
                0x00000000080039b8                LTDC_ER_IRQHandler
                0x00000000080039b8                CAN2_SCE_IRQHandler
                0x00000000080039b8                DMA2_Stream2_IRQHandler
                0x00000000080039b8                SPI1_IRQHandler
                0x00000000080039b8                TIM6_DAC_IRQHandler
                0x00000000080039b8                TIM1_BRK_TIM9_IRQHandler
                0x00000000080039b8                DCMI_IRQHandler
                0x00000000080039b8                CAN2_RX0_IRQHandler
                0x00000000080039b8                DMA2_Stream3_IRQHandler
                0x00000000080039b8                SAI2_IRQHandler
                0x00000000080039b8                DFSDM1_FLT3_IRQHandler
                0x00000000080039b8                USART6_IRQHandler
                0x00000000080039b8                CAN3_RX0_IRQHandler
                0x00000000080039b8                USART3_IRQHandler
                0x00000000080039b8                CAN1_RX1_IRQHandler
                0x00000000080039b8                UART5_IRQHandler
                0x00000000080039b8                DMA2_Stream0_IRQHandler
                0x00000000080039b8                TIM4_IRQHandler
                0x00000000080039b8                QUADSPI_IRQHandler
                0x00000000080039b8                I2C1_EV_IRQHandler
                0x00000000080039b8                DMA1_Stream6_IRQHandler
                0x00000000080039b8                DMA1_Stream1_IRQHandler
                0x00000000080039b8                UART4_IRQHandler
                0x00000000080039b8                TIM3_IRQHandler
                0x00000000080039b8                RCC_IRQHandler
                0x00000000080039b8                TIM8_BRK_TIM12_IRQHandler
                0x00000000080039b8                Default_Handler
                0x00000000080039b8                CEC_IRQHandler
                0x00000000080039b8                EXTI15_10_IRQHandler
                0x00000000080039b8                ADC_IRQHandler
                0x00000000080039b8                DMA1_Stream7_IRQHandler
                0x00000000080039b8                SPI5_IRQHandler
                0x00000000080039b8                TIM7_IRQHandler
                0x00000000080039b8                SDMMC1_IRQHandler
                0x00000000080039b8                CAN2_TX_IRQHandler
                0x00000000080039b8                TIM5_IRQHandler
                0x00000000080039b8                DMA2_Stream7_IRQHandler
                0x00000000080039b8                I2C3_EV_IRQHandler
                0x00000000080039b8                EXTI9_5_IRQHandler
                0x00000000080039b8                RTC_WKUP_IRQHandler
                0x00000000080039b8                LTDC_IRQHandler
                0x00000000080039b8                ETH_WKUP_IRQHandler
                0x00000000080039b8                SPDIF_RX_IRQHandler
                0x00000000080039b8                SPI2_IRQHandler
                0x00000000080039b8                OTG_HS_EP1_IN_IRQHandler
                0x00000000080039b8                DMA1_Stream0_IRQHandler
                0x00000000080039b8                CAN1_TX_IRQHandler
                0x00000000080039b8                EXTI4_IRQHandler
                0x00000000080039b8                RNG_IRQHandler
                0x00000000080039b8                DSI_IRQHandler
                0x00000000080039b8                ETH_IRQHandler
                0x00000000080039b8                OTG_HS_EP1_OUT_IRQHandler
                0x00000000080039b8                WWDG_IRQHandler
                0x00000000080039b8                SPI6_IRQHandler
                0x00000000080039b8                MDIOS_IRQHandler
                0x00000000080039b8                CAN3_TX_IRQHandler
                0x00000000080039b8                TIM2_IRQHandler
                0x00000000080039b8                OTG_FS_WKUP_IRQHandler
                0x00000000080039b8                TIM1_TRG_COM_TIM11_IRQHandler
                0x00000000080039b8                OTG_HS_IRQHandler
                0x00000000080039b8                DMA2D_IRQHandler
                0x00000000080039b8                EXTI1_IRQHandler
                0x00000000080039b8                SDMMC2_IRQHandler
                0x00000000080039b8                UART7_IRQHandler
                0x00000000080039b8                USART2_IRQHandler
                0x00000000080039b8                DFSDM1_FLT0_IRQHandler
                0x00000000080039b8                I2C2_ER_IRQHandler
                0x00000000080039b8                DMA2_Stream1_IRQHandler
                0x00000000080039b8                CAN1_SCE_IRQHandler
                0x00000000080039b8                FLASH_IRQHandler
                0x00000000080039b8                DMA2_Stream4_IRQHandler
                0x00000000080039b8                USART1_IRQHandler
                0x00000000080039b8                OTG_FS_IRQHandler
                0x00000000080039b8                SPI3_IRQHandler
                0x00000000080039b8                DMA1_Stream4_IRQHandler
                0x00000000080039b8                I2C1_ER_IRQHandler
                0x00000000080039b8                FMC_IRQHandler
                0x00000000080039b8                LPTIM1_IRQHandler
                0x00000000080039b8                DMA2_Stream6_IRQHandler
                0x00000000080039b8                SAI1_IRQHandler
                0x00000000080039b8                DMA1_Stream3_IRQHandler
 *fill*         0x00000000080039ba        0x2 
 .text.__errno  0x00000000080039bc        0xc /home/user/STM32Toolchain/gcc-arm-none-eabi-9-2020-q2-update-x86_64-linux/gcc-arm-none-eabi-9-2020-q2-update/bin/../lib/gcc/arm-none-eabi/9.3.1/../../../../arm-none-eabi/lib/thumb/v7e-m+dp/hard/libc_nano.a(lib_a-errno.o)
                0x00000000080039bc                __errno
 .text.__libc_init_array
                0x00000000080039c8       0x48 /home/user/STM32Toolchain/gcc-arm-none-eabi-9-2020-q2-update-x86_64-linux/gcc-arm-none-eabi-9-2020-q2-update/bin/../lib/gcc/arm-none-eabi/9.3.1/../../../../arm-none-eabi/lib/thumb/v7e-m+dp/hard/libc_nano.a(lib_a-init.o)
                0x00000000080039c8                __libc_init_array
 .text.memset   0x0000000008003a10       0x10 /home/user/STM32Toolchain/gcc-arm-none-eabi-9-2020-q2-update-x86_64-linux/gcc-arm-none-eabi-9-2020-q2-update/bin/../lib/gcc/arm-none-eabi/9.3.1/../../../../arm-none-eabi/lib/thumb/v7e-m+dp/hard/libc_nano.a(lib_a-memset.o)
                0x0000000008003a10                memset
 .text._puts_r  0x0000000008003a20       0xdc /home/user/STM32Toolchain/gcc-arm-none-eabi-9-2020-q2-update-x86_64-linux/gcc-arm-none-eabi-9-2020-q2-update/bin/../lib/gcc/arm-none-eabi/9.3.1/../../../../arm-none-eabi/lib/thumb/v7e-m+dp/hard/libc_nano.a(lib_a-puts.o)
                0x0000000008003a20                _puts_r
 .text.puts     0x0000000008003afc       0x10 /home/user/STM32Toolchain/gcc-arm-none-eabi-9-2020-q2-update-x86_64-linux/gcc-arm-none-eabi-9-2020-q2-update/bin/../lib/gcc/arm-none-eabi/9.3.1/../../../../arm-none-eabi/lib/thumb/v7e-m+dp/hard/libc_nano.a(lib_a-puts.o)
                0x0000000008003afc                puts
 .text.__swbuf_r
                0x0000000008003b0c       0xa4 /home/user/STM32Toolchain/gcc-arm-none-eabi-9-2020-q2-update-x86_64-linux/gcc-arm-none-eabi-9-2020-q2-update/bin/../lib/gcc/arm-none-eabi/9.3.1/../../../../arm-none-eabi/lib/thumb/v7e-m+dp/hard/libc_nano.a(lib_a-wbuf.o)
                0x0000000008003b0c                __swbuf_r
 .text.__swsetup_r
                0x0000000008003bb0       0xdc /home/user/STM32Toolchain/gcc-arm-none-eabi-9-2020-q2-update-x86_64-linux/gcc-arm-none-eabi-9-2020-q2-update/bin/../lib/gcc/arm-none-eabi/9.3.1/../../../../arm-none-eabi/lib/thumb/v7e-m+dp/hard/libc_nano.a(lib_a-wsetup.o)
                0x0000000008003bb0                __swsetup_r
 .text.__sflush_r
                0x0000000008003c8c      0x10c /home/user/STM32Toolchain/gcc-arm-none-eabi-9-2020-q2-update-x86_64-linux/gcc-arm-none-eabi-9-2020-q2-update/bin/../lib/gcc/arm-none-eabi/9.3.1/../../../../arm-none-eabi/lib/thumb/v7e-m+dp/hard/libc_nano.a(lib_a-fflush.o)
                0x0000000008003c8c                __sflush_r
 .text._fflush_r
                0x0000000008003d98       0x78 /home/user/STM32Toolchain/gcc-arm-none-eabi-9-2020-q2-update-x86_64-linux/gcc-arm-none-eabi-9-2020-q2-update/bin/../lib/gcc/arm-none-eabi/9.3.1/../../../../arm-none-eabi/lib/thumb/v7e-m+dp/hard/libc_nano.a(lib_a-fflush.o)
                0x0000000008003d98                _fflush_r
 .text.std      0x0000000008003e10       0x48 /home/user/STM32Toolchain/gcc-arm-none-eabi-9-2020-q2-update-x86_64-linux/gcc-arm-none-eabi-9-2020-q2-update/bin/../lib/gcc/arm-none-eabi/9.3.1/../../../../arm-none-eabi/lib/thumb/v7e-m+dp/hard/libc_nano.a(lib_a-findfp.o)
 .text._cleanup_r
                0x0000000008003e58        0xc /home/user/STM32Toolchain/gcc-arm-none-eabi-9-2020-q2-update-x86_64-linux/gcc-arm-none-eabi-9-2020-q2-update/bin/../lib/gcc/arm-none-eabi/9.3.1/../../../../arm-none-eabi/lib/thumb/v7e-m+dp/hard/libc_nano.a(lib_a-findfp.o)
                0x0000000008003e58                _cleanup_r
 .text.__sfmoreglue
                0x0000000008003e64       0x2c /home/user/STM32Toolchain/gcc-arm-none-eabi-9-2020-q2-update-x86_64-linux/gcc-arm-none-eabi-9-2020-q2-update/bin/../lib/gcc/arm-none-eabi/9.3.1/../../../../arm-none-eabi/lib/thumb/v7e-m+dp/hard/libc_nano.a(lib_a-findfp.o)
                0x0000000008003e64                __sfmoreglue
 .text.__sfp_lock_acquire
                0x0000000008003e90        0xc /home/user/STM32Toolchain/gcc-arm-none-eabi-9-2020-q2-update-x86_64-linux/gcc-arm-none-eabi-9-2020-q2-update/bin/../lib/gcc/arm-none-eabi/9.3.1/../../../../arm-none-eabi/lib/thumb/v7e-m+dp/hard/libc_nano.a(lib_a-findfp.o)
                0x0000000008003e90                __sfp_lock_acquire
 .text.__sfp_lock_release
                0x0000000008003e9c        0xc /home/user/STM32Toolchain/gcc-arm-none-eabi-9-2020-q2-update-x86_64-linux/gcc-arm-none-eabi-9-2020-q2-update/bin/../lib/gcc/arm-none-eabi/9.3.1/../../../../arm-none-eabi/lib/thumb/v7e-m+dp/hard/libc_nano.a(lib_a-findfp.o)
                0x0000000008003e9c                __sfp_lock_release
 .text.__sinit_lock_acquire
                0x0000000008003ea8        0xc /home/user/STM32Toolchain/gcc-arm-none-eabi-9-2020-q2-update-x86_64-linux/gcc-arm-none-eabi-9-2020-q2-update/bin/../lib/gcc/arm-none-eabi/9.3.1/../../../../arm-none-eabi/lib/thumb/v7e-m+dp/hard/libc_nano.a(lib_a-findfp.o)
                0x0000000008003ea8                __sinit_lock_acquire
 .text.__sinit_lock_release
                0x0000000008003eb4        0xc /home/user/STM32Toolchain/gcc-arm-none-eabi-9-2020-q2-update-x86_64-linux/gcc-arm-none-eabi-9-2020-q2-update/bin/../lib/gcc/arm-none-eabi/9.3.1/../../../../arm-none-eabi/lib/thumb/v7e-m+dp/hard/libc_nano.a(lib_a-findfp.o)
                0x0000000008003eb4                __sinit_lock_release
 .text.__sinit  0x0000000008003ec0       0x70 /home/user/STM32Toolchain/gcc-arm-none-eabi-9-2020-q2-update-x86_64-linux/gcc-arm-none-eabi-9-2020-q2-update/bin/../lib/gcc/arm-none-eabi/9.3.1/../../../../arm-none-eabi/lib/thumb/v7e-m+dp/hard/libc_nano.a(lib_a-findfp.o)
                0x0000000008003ec0                __sinit
 .text.__sfp    0x0000000008003f30       0x8c /home/user/STM32Toolchain/gcc-arm-none-eabi-9-2020-q2-update-x86_64-linux/gcc-arm-none-eabi-9-2020-q2-update/bin/../lib/gcc/arm-none-eabi/9.3.1/../../../../arm-none-eabi/lib/thumb/v7e-m+dp/hard/libc_nano.a(lib_a-findfp.o)
                0x0000000008003f30                __sfp
 .text._fwalk_reent
                0x0000000008003fbc       0x3e /home/user/STM32Toolchain/gcc-arm-none-eabi-9-2020-q2-update-x86_64-linux/gcc-arm-none-eabi-9-2020-q2-update/bin/../lib/gcc/arm-none-eabi/9.3.1/../../../../arm-none-eabi/lib/thumb/v7e-m+dp/hard/libc_nano.a(lib_a-fwalk.o)
                0x0000000008003fbc                _fwalk_reent
 .text.__retarget_lock_init_recursive
                0x0000000008003ffa        0x2 /home/user/STM32Toolchain/gcc-arm-none-eabi-9-2020-q2-update-x86_64-linux/gcc-arm-none-eabi-9-2020-q2-update/bin/../lib/gcc/arm-none-eabi/9.3.1/../../../../arm-none-eabi/lib/thumb/v7e-m+dp/hard/libc_nano.a(lib_a-lock.o)
                0x0000000008003ffa                __retarget_lock_init_recursive
 .text.__retarget_lock_acquire_recursive
                0x0000000008003ffc        0x2 /home/user/STM32Toolchain/gcc-arm-none-eabi-9-2020-q2-update-x86_64-linux/gcc-arm-none-eabi-9-2020-q2-update/bin/../lib/gcc/arm-none-eabi/9.3.1/../../../../arm-none-eabi/lib/thumb/v7e-m+dp/hard/libc_nano.a(lib_a-lock.o)
                0x0000000008003ffc                __retarget_lock_acquire_recursive
 .text.__retarget_lock_release_recursive
                0x0000000008003ffe        0x2 /home/user/STM32Toolchain/gcc-arm-none-eabi-9-2020-q2-update-x86_64-linux/gcc-arm-none-eabi-9-2020-q2-update/bin/../lib/gcc/arm-none-eabi/9.3.1/../../../../arm-none-eabi/lib/thumb/v7e-m+dp/hard/libc_nano.a(lib_a-lock.o)
                0x0000000008003ffe                __retarget_lock_release_recursive
 .text.__swhatbuf_r
                0x0000000008004000       0x48 /home/user/STM32Toolchain/gcc-arm-none-eabi-9-2020-q2-update-x86_64-linux/gcc-arm-none-eabi-9-2020-q2-update/bin/../lib/gcc/arm-none-eabi/9.3.1/../../../../arm-none-eabi/lib/thumb/v7e-m+dp/hard/libc_nano.a(lib_a-makebuf.o)
                0x0000000008004000                __swhatbuf_r
 .text.__smakebuf_r
                0x0000000008004048       0x80 /home/user/STM32Toolchain/gcc-arm-none-eabi-9-2020-q2-update-x86_64-linux/gcc-arm-none-eabi-9-2020-q2-update/bin/../lib/gcc/arm-none-eabi/9.3.1/../../../../arm-none-eabi/lib/thumb/v7e-m+dp/hard/libc_nano.a(lib_a-makebuf.o)
                0x0000000008004048                __smakebuf_r
 .text._free_r  0x00000000080040c8       0xa0 /home/user/STM32Toolchain/gcc-arm-none-eabi-9-2020-q2-update-x86_64-linux/gcc-arm-none-eabi-9-2020-q2-update/bin/../lib/gcc/arm-none-eabi/9.3.1/../../../../arm-none-eabi/lib/thumb/v7e-m+dp/hard/libc_nano.a(lib_a-nano-freer.o)
                0x00000000080040c8                _free_r
 .text._malloc_r
                0x0000000008004168       0xb4 /home/user/STM32Toolchain/gcc-arm-none-eabi-9-2020-q2-update-x86_64-linux/gcc-arm-none-eabi-9-2020-q2-update/bin/../lib/gcc/arm-none-eabi/9.3.1/../../../../arm-none-eabi/lib/thumb/v7e-m+dp/hard/libc_nano.a(lib_a-nano-mallocr.o)
                0x0000000008004168                _malloc_r
 .text._sbrk_r  0x000000000800421c       0x20 /home/user/STM32Toolchain/gcc-arm-none-eabi-9-2020-q2-update-x86_64-linux/gcc-arm-none-eabi-9-2020-q2-update/bin/../lib/gcc/arm-none-eabi/9.3.1/../../../../arm-none-eabi/lib/thumb/v7e-m+dp/hard/libc_nano.a(lib_a-sbrkr.o)
                0x000000000800421c                _sbrk_r
 .text.__sread  0x000000000800423c       0x22 /home/user/STM32Toolchain/gcc-arm-none-eabi-9-2020-q2-update-x86_64-linux/gcc-arm-none-eabi-9-2020-q2-update/bin/../lib/gcc/arm-none-eabi/9.3.1/../../../../arm-none-eabi/lib/thumb/v7e-m+dp/hard/libc_nano.a(lib_a-stdio.o)
                0x000000000800423c                __sread
 .text.__swrite
                0x000000000800425e       0x38 /home/user/STM32Toolchain/gcc-arm-none-eabi-9-2020-q2-update-x86_64-linux/gcc-arm-none-eabi-9-2020-q2-update/bin/../lib/gcc/arm-none-eabi/9.3.1/../../../../arm-none-eabi/lib/thumb/v7e-m+dp/hard/libc_nano.a(lib_a-stdio.o)
                0x000000000800425e                __swrite
 .text.__sseek  0x0000000008004296       0x24 /home/user/STM32Toolchain/gcc-arm-none-eabi-9-2020-q2-update-x86_64-linux/gcc-arm-none-eabi-9-2020-q2-update/bin/../lib/gcc/arm-none-eabi/9.3.1/../../../../arm-none-eabi/lib/thumb/v7e-m+dp/hard/libc_nano.a(lib_a-stdio.o)
                0x0000000008004296                __sseek
 .text.__sclose
                0x00000000080042ba        0x8 /home/user/STM32Toolchain/gcc-arm-none-eabi-9-2020-q2-update-x86_64-linux/gcc-arm-none-eabi-9-2020-q2-update/bin/../lib/gcc/arm-none-eabi/9.3.1/../../../../arm-none-eabi/lib/thumb/v7e-m+dp/hard/libc_nano.a(lib_a-stdio.o)
                0x00000000080042ba                __sclose
 *fill*         0x00000000080042c2        0x2 
 .text._write_r
                0x00000000080042c4       0x24 /home/user/STM32Toolchain/gcc-arm-none-eabi-9-2020-q2-update-x86_64-linux/gcc-arm-none-eabi-9-2020-q2-update/bin/../lib/gcc/arm-none-eabi/9.3.1/../../../../arm-none-eabi/lib/thumb/v7e-m+dp/hard/libc_nano.a(lib_a-writer.o)
                0x00000000080042c4                _write_r
 .text._close_r
                0x00000000080042e8       0x20 /home/user/STM32Toolchain/gcc-arm-none-eabi-9-2020-q2-update-x86_64-linux/gcc-arm-none-eabi-9-2020-q2-update/bin/../lib/gcc/arm-none-eabi/9.3.1/../../../../arm-none-eabi/lib/thumb/v7e-m+dp/hard/libc_nano.a(lib_a-closer.o)
                0x00000000080042e8                _close_r
 .text._fstat_r
                0x0000000008004308       0x24 /home/user/STM32Toolchain/gcc-arm-none-eabi-9-2020-q2-update-x86_64-linux/gcc-arm-none-eabi-9-2020-q2-update/bin/../lib/gcc/arm-none-eabi/9.3.1/../../../../arm-none-eabi/lib/thumb/v7e-m+dp/hard/libc_nano.a(lib_a-fstatr.o)
                0x0000000008004308                _fstat_r
 .text._isatty_r
                0x000000000800432c       0x20 /home/user/STM32Toolchain/gcc-arm-none-eabi-9-2020-q2-update-x86_64-linux/gcc-arm-none-eabi-9-2020-q2-update/bin/../lib/gcc/arm-none-eabi/9.3.1/../../../../arm-none-eabi/lib/thumb/v7e-m+dp/hard/libc_nano.a(lib_a-isattyr.o)
                0x000000000800432c                _isatty_r
 .text._lseek_r
                0x000000000800434c       0x24 /home/user/STM32Toolchain/gcc-arm-none-eabi-9-2020-q2-update-x86_64-linux/gcc-arm-none-eabi-9-2020-q2-update/bin/../lib/gcc/arm-none-eabi/9.3.1/../../../../arm-none-eabi/lib/thumb/v7e-m+dp/hard/libc_nano.a(lib_a-lseekr.o)
                0x000000000800434c                _lseek_r
 .text.__malloc_lock
                0x0000000008004370        0xc /home/user/STM32Toolchain/gcc-arm-none-eabi-9-2020-q2-update-x86_64-linux/gcc-arm-none-eabi-9-2020-q2-update/bin/../lib/gcc/arm-none-eabi/9.3.1/../../../../arm-none-eabi/lib/thumb/v7e-m+dp/hard/libc_nano.a(lib_a-mlock.o)
                0x0000000008004370                __malloc_lock
 .text.__malloc_unlock
                0x000000000800437c        0xc /home/user/STM32Toolchain/gcc-arm-none-eabi-9-2020-q2-update-x86_64-linux/gcc-arm-none-eabi-9-2020-q2-update/bin/../lib/gcc/arm-none-eabi/9.3.1/../../../../arm-none-eabi/lib/thumb/v7e-m+dp/hard/libc_nano.a(lib_a-mlock.o)
                0x000000000800437c                __malloc_unlock
 .text._read_r  0x0000000008004388       0x24 /home/user/STM32Toolchain/gcc-arm-none-eabi-9-2020-q2-update-x86_64-linux/gcc-arm-none-eabi-9-2020-q2-update/bin/../lib/gcc/arm-none-eabi/9.3.1/../../../../arm-none-eabi/lib/thumb/v7e-m+dp/hard/libc_nano.a(lib_a-readr.o)
                0x0000000008004388                _read_r
 .text._sbrk    0x00000000080043ac       0x1c /home/user/STM32Toolchain/gcc-arm-none-eabi-9-2020-q2-update-x86_64-linux/gcc-arm-none-eabi-9-2020-q2-update/bin/../lib/gcc/arm-none-eabi/9.3.1/../../../../arm-none-eabi/lib/thumb/v7e-m+dp/hard/libnosys.a(sbrk.o)
                0x00000000080043ac                _sbrk
 *(.glue_7)
 .glue_7        0x00000000080043c8        0x0 linker stubs
 *(.glue_7t)
 .glue_7t       0x00000000080043c8        0x0 linker stubs
 *(.eh_frame)
 .eh_frame      0x00000000080043c8        0x0 /home/user/STM32Toolchain/gcc-arm-none-eabi-9-2020-q2-update-x86_64-linux/gcc-arm-none-eabi-9-2020-q2-update/bin/../lib/gcc/arm-none-eabi/9.3.1/thumb/v7e-m+dp/hard/crtbegin.o
 *(.init)
 .init          0x00000000080043c8        0x4 /home/user/STM32Toolchain/gcc-arm-none-eabi-9-2020-q2-update-x86_64-linux/gcc-arm-none-eabi-9-2020-q2-update/bin/../lib/gcc/arm-none-eabi/9.3.1/thumb/v7e-m+dp/hard/crti.o
                0x00000000080043c8                _init
 .init          0x00000000080043cc        0x8 /home/user/STM32Toolchain/gcc-arm-none-eabi-9-2020-q2-update-x86_64-linux/gcc-arm-none-eabi-9-2020-q2-update/bin/../lib/gcc/arm-none-eabi/9.3.1/thumb/v7e-m+dp/hard/crtn.o
 *(.fini)
 .fini          0x00000000080043d4        0x4 /home/user/STM32Toolchain/gcc-arm-none-eabi-9-2020-q2-update-x86_64-linux/gcc-arm-none-eabi-9-2020-q2-update/bin/../lib/gcc/arm-none-eabi/9.3.1/thumb/v7e-m+dp/hard/crti.o
                0x00000000080043d4                _fini
 .fini          0x00000000080043d8        0x8 /home/user/STM32Toolchain/gcc-arm-none-eabi-9-2020-q2-update-x86_64-linux/gcc-arm-none-eabi-9-2020-q2-update/bin/../lib/gcc/arm-none-eabi/9.3.1/thumb/v7e-m+dp/hard/crtn.o
                0x00000000080043e0                . = ALIGN (0x4)
                0x00000000080043e0                _etext = .

.vfp11_veneer   0x00000000080043e0        0x0
 .vfp11_veneer  0x00000000080043e0        0x0 linker stubs

.v4_bx          0x00000000080043e0        0x0
 .v4_bx         0x00000000080043e0        0x0 linker stubs

.iplt           0x00000000080043e0        0x0
 .iplt          0x00000000080043e0        0x0 /home/user/STM32Toolchain/gcc-arm-none-eabi-9-2020-q2-update-x86_64-linux/gcc-arm-none-eabi-9-2020-q2-update/bin/../lib/gcc/arm-none-eabi/9.3.1/thumb/v7e-m+dp/hard/crtbegin.o

.rodata         0x00000000080043e0     0x1b78
                0x00000000080043e0                . = ALIGN (0x4)
 *(.rodata)
 *(.rodata*)
 .rodata.main.str1.4
                0x00000000080043e0       0x27 build/main.o
 *fill*         0x0000000008004407        0x1 
 .rodata.AHBPrescTable
                0x0000000008004408       0x10 build/system_stm32f7xx.o
                0x0000000008004408                AHBPrescTable
 .rodata.APBPrescTable
                0x0000000008004418        0x8 build/system_stm32f7xx.o
                0x0000000008004418                APBPrescTable
 .rodata.Font24_Table
                0x0000000008004420     0x1ab8 build/lcd.o
                0x0000000008004420                Font24_Table
 .rodata.touch_init.str1.4
                0x0000000008005ed8       0x1a build/touch.o
 *fill*         0x0000000008005ef2        0x2 
 .rodata._global_impure_ptr
                0x0000000008005ef4        0x4 /home/user/STM32Toolchain/gcc-arm-none-eabi-9-2020-q2-update-x86_64-linux/gcc-arm-none-eabi-9-2020-q2-update/bin/../lib/gcc/arm-none-eabi/9.3.1/../../../../arm-none-eabi/lib/thumb/v7e-m+dp/hard/libc_nano.a(lib_a-impure.o)
                0x0000000008005ef4                _global_impure_ptr
 .rodata.__sf_fake_stderr
                0x0000000008005ef8       0x20 /home/user/STM32Toolchain/gcc-arm-none-eabi-9-2020-q2-update-x86_64-linux/gcc-arm-none-eabi-9-2020-q2-update/bin/../lib/gcc/arm-none-eabi/9.3.1/../../../../arm-none-eabi/lib/thumb/v7e-m+dp/hard/libc_nano.a(lib_a-findfp.o)
                0x0000000008005ef8                __sf_fake_stderr
 .rodata.__sf_fake_stdin
                0x0000000008005f18       0x20 /home/user/STM32Toolchain/gcc-arm-none-eabi-9-2020-q2-update-x86_64-linux/gcc-arm-none-eabi-9-2020-q2-update/bin/../lib/gcc/arm-none-eabi/9.3.1/../../../../arm-none-eabi/lib/thumb/v7e-m+dp/hard/libc_nano.a(lib_a-findfp.o)
                0x0000000008005f18                __sf_fake_stdin
 .rodata.__sf_fake_stdout
                0x0000000008005f38       0x20 /home/user/STM32Toolchain/gcc-arm-none-eabi-9-2020-q2-update-x86_64-linux/gcc-arm-none-eabi-9-2020-q2-update/bin/../lib/gcc/arm-none-eabi/9.3.1/../../../../arm-none-eabi/lib/thumb/v7e-m+dp/hard/libc_nano.a(lib_a-findfp.o)
                0x0000000008005f38                __sf_fake_stdout
                0x0000000008005f58                . = ALIGN (0x4)

.ARM.extab
 *(.ARM.extab* .gnu.linkonce.armextab.*)

.ARM            0x0000000008005f58        0x8
                0x0000000008005f58                __exidx_start = .
 *(.ARM.exidx*)
 .ARM.exidx     0x0000000008005f58        0x8 /home/user/STM32Toolchain/gcc-arm-none-eabi-9-2020-q2-update-x86_64-linux/gcc-arm-none-eabi-9-2020-q2-update/bin/../lib/gcc/arm-none-eabi/9.3.1/thumb/v7e-m+dp/hard/libgcc.a(_udivmoddi4.o)
                0x0000000008005f60                __exidx_end = .

.rel.dyn        0x0000000008005f60        0x0
 .rel.iplt      0x0000000008005f60        0x0 /home/user/STM32Toolchain/gcc-arm-none-eabi-9-2020-q2-update-x86_64-linux/gcc-arm-none-eabi-9-2020-q2-update/bin/../lib/gcc/arm-none-eabi/9.3.1/thumb/v7e-m+dp/hard/crtbegin.o

.preinit_array  0x0000000008005f60        0x0
                0x0000000008005f60                PROVIDE (__preinit_array_start = .)
 *(.preinit_array*)
                0x0000000008005f60                PROVIDE (__preinit_array_end = .)

.init_array     0x0000000008005f60        0x4
                0x0000000008005f60                PROVIDE (__init_array_start = .)
 *(SORT_BY_NAME(.init_array.*))
 *(.init_array*)
 .init_array    0x0000000008005f60        0x4 /home/user/STM32Toolchain/gcc-arm-none-eabi-9-2020-q2-update-x86_64-linux/gcc-arm-none-eabi-9-2020-q2-update/bin/../lib/gcc/arm-none-eabi/9.3.1/thumb/v7e-m+dp/hard/crtbegin.o
                0x0000000008005f64                PROVIDE (__init_array_end = .)

.fini_array     0x0000000008005f64        0x4
                [!provide]                        PROVIDE (__fini_array_start = .)
 *(SORT_BY_NAME(.fini_array.*))
 *(.fini_array*)
 .fini_array    0x0000000008005f64        0x4 /home/user/STM32Toolchain/gcc-arm-none-eabi-9-2020-q2-update-x86_64-linux/gcc-arm-none-eabi-9-2020-q2-update/bin/../lib/gcc/arm-none-eabi/9.3.1/thumb/v7e-m+dp/hard/crtbegin.o
                [!provide]                        PROVIDE (__fini_array_end = .)
                0x0000000008005f68                _sidata = LOADADDR (.data)

.data           0x0000000020000000       0xa0 load address 0x0000000008005f68
                0x0000000020000000                . = ALIGN (0x4)
                0x0000000020000000                _sdata = .
 *(.data)
 *(.data*)
 .data.uwTickFreq
                0x0000000020000000        0x1 build/stm32f7xx_hal.o
                0x0000000020000000                uwTickFreq
 *fill*         0x0000000020000001        0x3 
 .data.uwTickPrio
                0x0000000020000004        0x4 build/stm32f7xx_hal.o
                0x0000000020000004                uwTickPrio
 .data.SystemCoreClock
                0x0000000020000008        0x4 build/system_stm32f7xx.o
                0x0000000020000008                SystemCoreClock
 .data.Font24   0x000000002000000c        0x8 build/lcd.o
                0x000000002000000c                Font24
 .data.sx8650_ts_drv
                0x0000000020000014       0x28 build/sx8650.o
                0x0000000020000014                sx8650_ts_drv
 .data._impure_ptr
                0x000000002000003c        0x4 /home/user/STM32Toolchain/gcc-arm-none-eabi-9-2020-q2-update-x86_64-linux/gcc-arm-none-eabi-9-2020-q2-update/bin/../lib/gcc/arm-none-eabi/9.3.1/../../../../arm-none-eabi/lib/thumb/v7e-m+dp/hard/libc_nano.a(lib_a-impure.o)
                0x000000002000003c                _impure_ptr
 .data.impure_data
                0x0000000020000040       0x60 /home/user/STM32Toolchain/gcc-arm-none-eabi-9-2020-q2-update-x86_64-linux/gcc-arm-none-eabi-9-2020-q2-update/bin/../lib/gcc/arm-none-eabi/9.3.1/../../../../arm-none-eabi/lib/thumb/v7e-m+dp/hard/libc_nano.a(lib_a-impure.o)
                0x00000000200000a0                . = ALIGN (0x4)
                0x00000000200000a0                _edata = .

.igot.plt       0x00000000200000a0        0x0 load address 0x0000000008006008
 .igot.plt      0x00000000200000a0        0x0 /home/user/STM32Toolchain/gcc-arm-none-eabi-9-2020-q2-update-x86_64-linux/gcc-arm-none-eabi-9-2020-q2-update/bin/../lib/gcc/arm-none-eabi/9.3.1/thumb/v7e-m+dp/hard/crtbegin.o
                0x00000000200000a0                . = ALIGN (0x4)

.bss            0x00000000200000a0      0x264 load address 0x0000000008006008
                0x00000000200000a0                _sbss = .
                0x00000000200000a0                __bss_start__ = _sbss
 *(.bss)
 .bss           0x00000000200000a0       0x1c /home/user/STM32Toolchain/gcc-arm-none-eabi-9-2020-q2-update-x86_64-linux/gcc-arm-none-eabi-9-2020-q2-update/bin/../lib/gcc/arm-none-eabi/9.3.1/thumb/v7e-m+dp/hard/crtbegin.o
 *(.bss*)
 .bss.FMC_Initialized
                0x00000000200000bc        0x4 build/stm32f7xx_hal_msp.o
 .bss.DrawProp  0x00000000200000c0        0xc build/lcd.o
 .bss.I2cAddress
                0x00000000200000cc        0x1 build/ts.o
 *fill*         0x00000000200000cd        0x3 
 .bss.tsDriver  0x00000000200000d0        0x4 build/ts.o
 .bss.tsOrientation
                0x00000000200000d4        0x1 build/ts.o
 *fill*         0x00000000200000d5        0x1 
 .bss.tsXBoundary
                0x00000000200000d6        0x2 build/ts.o
 .bss.tsYBoundary
                0x00000000200000d8        0x2 build/ts.o
 .bss.touch_x   0x00000000200000da        0x2 build/sx8650.o
 .bss.touch_y   0x00000000200000dc        0x2 build/sx8650.o
 *fill*         0x00000000200000de        0x2 
 .bss.__malloc_free_list
                0x00000000200000e0        0x4 /home/user/STM32Toolchain/gcc-arm-none-eabi-9-2020-q2-update-x86_64-linux/gcc-arm-none-eabi-9-2020-q2-update/bin/../lib/gcc/arm-none-eabi/9.3.1/../../../../arm-none-eabi/lib/thumb/v7e-m+dp/hard/libc_nano.a(lib_a-nano-mallocr.o)
                0x00000000200000e0                __malloc_free_list
 .bss.__malloc_sbrk_start
                0x00000000200000e4        0x4 /home/user/STM32Toolchain/gcc-arm-none-eabi-9-2020-q2-update-x86_64-linux/gcc-arm-none-eabi-9-2020-q2-update/bin/../lib/gcc/arm-none-eabi/9.3.1/../../../../arm-none-eabi/lib/thumb/v7e-m+dp/hard/libc_nano.a(lib_a-nano-mallocr.o)
                0x00000000200000e4                __malloc_sbrk_start
 .bss.heap_end.5507
                0x00000000200000e8        0x4 /home/user/STM32Toolchain/gcc-arm-none-eabi-9-2020-q2-update-x86_64-linux/gcc-arm-none-eabi-9-2020-q2-update/bin/../lib/gcc/arm-none-eabi/9.3.1/../../../../arm-none-eabi/lib/thumb/v7e-m+dp/hard/libnosys.a(sbrk.o)
 *(COMMON)
 COMMON         0x00000000200000ec      0x1f4 build/main.o
                0x00000000200000ec                hi2c4
                0x0000000020000138                hltdc
                0x00000000200001e0                huart5
                0x0000000020000260                hsdram1
                0x0000000020000294                hqspi
 COMMON         0x00000000200002e0        0x4 build/stm32f7xx_hal.o
                0x00000000200002e0                uwTick
 COMMON         0x00000000200002e4       0x10 build/sdram.o
                0x00000000200002e4                command
 COMMON         0x00000000200002f4        0x9 /home/user/STM32Toolchain/gcc-arm-none-eabi-9-2020-q2-update-x86_64-linux/gcc-arm-none-eabi-9-2020-q2-update/bin/../lib/gcc/arm-none-eabi/9.3.1/../../../../arm-none-eabi/lib/thumb/v7e-m+dp/hard/libc_nano.a(lib_a-lock.o)
                0x00000000200002f4                __lock___atexit_recursive_mutex
                0x00000000200002f5                __lock___arc4random_mutex
                0x00000000200002f6                __lock___env_recursive_mutex
                0x00000000200002f7                __lock___sinit_recursive_mutex
                0x00000000200002f8                __lock___malloc_recursive_mutex
                0x00000000200002f9                __lock___at_quick_exit_mutex
                0x00000000200002fa                __lock___dd_hash_mutex
                0x00000000200002fb                __lock___tz_mutex
                0x00000000200002fc                __lock___sfp_recursive_mutex
 *fill*         0x00000000200002fd        0x3 
 COMMON         0x0000000020000300        0x4 /home/user/STM32Toolchain/gcc-arm-none-eabi-9-2020-q2-update-x86_64-linux/gcc-arm-none-eabi-9-2020-q2-update/bin/../lib/gcc/arm-none-eabi/9.3.1/../../../../arm-none-eabi/lib/thumb/v7e-m+dp/hard/libc_nano.a(lib_a-reent.o)
                0x0000000020000300                errno
                0x0000000020000304                . = ALIGN (0x4)
                0x0000000020000304                _ebss = .
                0x0000000020000304                __bss_end__ = _ebss

._user_heap_stack
                0x0000000020000304      0x604 load address 0x0000000008006008
                0x0000000020000308                . = ALIGN (0x8)
 *fill*         0x0000000020000304        0x4 
                0x0000000020000308                PROVIDE (end = .)
                [!provide]                        PROVIDE (_end = .)
                0x0000000020000508                . = (. + _Min_Heap_Size)
 *fill*         0x0000000020000308      0x200 
                0x0000000020000908                . = (. + _Min_Stack_Size)
 *fill*         0x0000000020000508      0x400 
                0x0000000020000908                . = ALIGN (0x8)

/DISCARD/
 libc.a(*)
 libm.a(*)
 libgcc.a(*)

.ARM.attributes
                0x0000000000000000       0x2e
 *(.ARM.attributes)
 .ARM.attributes
                0x0000000000000000       0x1e /home/user/STM32Toolchain/gcc-arm-none-eabi-9-2020-q2-update-x86_64-linux/gcc-arm-none-eabi-9-2020-q2-update/bin/../lib/gcc/arm-none-eabi/9.3.1/thumb/v7e-m+dp/hard/crti.o
 .ARM.attributes
                0x000000000000001e       0x32 /home/user/STM32Toolchain/gcc-arm-none-eabi-9-2020-q2-update-x86_64-linux/gcc-arm-none-eabi-9-2020-q2-update/bin/../lib/gcc/arm-none-eabi/9.3.1/thumb/v7e-m+dp/hard/crtbegin.o
 .ARM.attributes
                0x0000000000000050       0x32 build/main.o
 .ARM.attributes
                0x0000000000000082       0x32 build/stm32f7xx_it.o
 .ARM.attributes
                0x00000000000000b4       0x32 build/stm32f7xx_hal_msp.o
 .ARM.attributes
                0x00000000000000e6       0x32 build/stm32f7xx_hal_cortex.o
 .ARM.attributes
                0x0000000000000118       0x32 build/stm32f7xx_hal_rcc.o
 .ARM.attributes
                0x000000000000014a       0x32 build/stm32f7xx_hal_rcc_ex.o
 .ARM.attributes
                0x000000000000017c       0x32 build/stm32f7xx_hal_gpio.o
 .ARM.attributes
                0x00000000000001ae       0x32 build/stm32f7xx_hal_dma.o
 .ARM.attributes
                0x00000000000001e0       0x32 build/stm32f7xx_hal.o
 .ARM.attributes
                0x0000000000000212       0x32 build/stm32f7xx_hal_i2c.o
 .ARM.attributes
                0x0000000000000244       0x32 build/stm32f7xx_hal_i2c_ex.o
 .ARM.attributes
                0x0000000000000276       0x32 build/system_stm32f7xx.o
 .ARM.attributes
                0x00000000000002a8       0x32 build/stm32f7xx_hal_ltdc.o
 .ARM.attributes
                0x00000000000002da       0x32 build/stm32f7xx_hal_qspi.o
 .ARM.attributes
                0x000000000000030c       0x32 build/stm32f7xx_hal_uart.o
 .ARM.attributes
                0x000000000000033e       0x32 build/stm32f7xx_ll_fmc.o
 .ARM.attributes
                0x0000000000000370       0x32 build/stm32f7xx_hal_sdram.o
 .ARM.attributes
                0x00000000000003a2       0x32 build/serial.o
 .ARM.attributes
                0x00000000000003d4       0x32 build/lcd.o
 .ARM.attributes
                0x0000000000000406       0x32 build/ts.o
 .ARM.attributes
                0x0000000000000438       0x32 build/touch.o
 .ARM.attributes
                0x000000000000046a       0x32 build/sdram.o
 .ARM.attributes
                0x000000000000049c       0x32 build/sx8650.o
 .ARM.attributes
                0x00000000000004ce       0x21 build/startup_stm32f769xx.o
 .ARM.attributes
                0x00000000000004ef       0x32 /home/user/STM32Toolchain/gcc-arm-none-eabi-9-2020-q2-update-x86_64-linux/gcc-arm-none-eabi-9-2020-q2-update/bin/../lib/gcc/arm-none-eabi/9.3.1/../../../../arm-none-eabi/lib/thumb/v7e-m+dp/hard/libc_nano.a(lib_a-errno.o)
 .ARM.attributes
                0x0000000000000521       0x30 /home/user/STM32Toolchain/gcc-arm-none-eabi-9-2020-q2-update-x86_64-linux/gcc-arm-none-eabi-9-2020-q2-update/bin/../lib/gcc/arm-none-eabi/9.3.1/../../../../arm-none-eabi/lib/thumb/v7e-m+dp/hard/libc_nano.a(lib_a-impure.o)
 .ARM.attributes
                0x0000000000000551       0x32 /home/user/STM32Toolchain/gcc-arm-none-eabi-9-2020-q2-update-x86_64-linux/gcc-arm-none-eabi-9-2020-q2-update/bin/../lib/gcc/arm-none-eabi/9.3.1/../../../../arm-none-eabi/lib/thumb/v7e-m+dp/hard/libc_nano.a(lib_a-init.o)
 .ARM.attributes
                0x0000000000000583       0x32 /home/user/STM32Toolchain/gcc-arm-none-eabi-9-2020-q2-update-x86_64-linux/gcc-arm-none-eabi-9-2020-q2-update/bin/../lib/gcc/arm-none-eabi/9.3.1/../../../../arm-none-eabi/lib/thumb/v7e-m+dp/hard/libc_nano.a(lib_a-memset.o)
 .ARM.attributes
                0x00000000000005b5       0x32 /home/user/STM32Toolchain/gcc-arm-none-eabi-9-2020-q2-update-x86_64-linux/gcc-arm-none-eabi-9-2020-q2-update/bin/../lib/gcc/arm-none-eabi/9.3.1/../../../../arm-none-eabi/lib/thumb/v7e-m+dp/hard/libc_nano.a(lib_a-puts.o)
 .ARM.attributes
                0x00000000000005e7       0x32 /home/user/STM32Toolchain/gcc-arm-none-eabi-9-2020-q2-update-x86_64-linux/gcc-arm-none-eabi-9-2020-q2-update/bin/../lib/gcc/arm-none-eabi/9.3.1/../../../../arm-none-eabi/lib/thumb/v7e-m+dp/hard/libc_nano.a(lib_a-wbuf.o)
 .ARM.attributes
                0x0000000000000619       0x32 /home/user/STM32Toolchain/gcc-arm-none-eabi-9-2020-q2-update-x86_64-linux/gcc-arm-none-eabi-9-2020-q2-update/bin/../lib/gcc/arm-none-eabi/9.3.1/../../../../arm-none-eabi/lib/thumb/v7e-m+dp/hard/libc_nano.a(lib_a-wsetup.o)
 .ARM.attributes
                0x000000000000064b       0x32 /home/user/STM32Toolchain/gcc-arm-none-eabi-9-2020-q2-update-x86_64-linux/gcc-arm-none-eabi-9-2020-q2-update/bin/../lib/gcc/arm-none-eabi/9.3.1/../../../../arm-none-eabi/lib/thumb/v7e-m+dp/hard/libc_nano.a(lib_a-fflush.o)
 .ARM.attributes
                0x000000000000067d       0x32 /home/user/STM32Toolchain/gcc-arm-none-eabi-9-2020-q2-update-x86_64-linux/gcc-arm-none-eabi-9-2020-q2-update/bin/../lib/gcc/arm-none-eabi/9.3.1/../../../../arm-none-eabi/lib/thumb/v7e-m+dp/hard/libc_nano.a(lib_a-findfp.o)
 .ARM.attributes
                0x00000000000006af       0x32 /home/user/STM32Toolchain/gcc-arm-none-eabi-9-2020-q2-update-x86_64-linux/gcc-arm-none-eabi-9-2020-q2-update/bin/../lib/gcc/arm-none-eabi/9.3.1/../../../../arm-none-eabi/lib/thumb/v7e-m+dp/hard/libc_nano.a(lib_a-fwalk.o)
 .ARM.attributes
                0x00000000000006e1       0x32 /home/user/STM32Toolchain/gcc-arm-none-eabi-9-2020-q2-update-x86_64-linux/gcc-arm-none-eabi-9-2020-q2-update/bin/../lib/gcc/arm-none-eabi/9.3.1/../../../../arm-none-eabi/lib/thumb/v7e-m+dp/hard/libc_nano.a(lib_a-lock.o)
 .ARM.attributes
                0x0000000000000713       0x32 /home/user/STM32Toolchain/gcc-arm-none-eabi-9-2020-q2-update-x86_64-linux/gcc-arm-none-eabi-9-2020-q2-update/bin/../lib/gcc/arm-none-eabi/9.3.1/../../../../arm-none-eabi/lib/thumb/v7e-m+dp/hard/libc_nano.a(lib_a-makebuf.o)
 .ARM.attributes
                0x0000000000000745       0x32 /home/user/STM32Toolchain/gcc-arm-none-eabi-9-2020-q2-update-x86_64-linux/gcc-arm-none-eabi-9-2020-q2-update/bin/../lib/gcc/arm-none-eabi/9.3.1/../../../../arm-none-eabi/lib/thumb/v7e-m+dp/hard/libc_nano.a(lib_a-nano-freer.o)
 .ARM.attributes
                0x0000000000000777       0x32 /home/user/STM32Toolchain/gcc-arm-none-eabi-9-2020-q2-update-x86_64-linux/gcc-arm-none-eabi-9-2020-q2-update/bin/../lib/gcc/arm-none-eabi/9.3.1/../../../../arm-none-eabi/lib/thumb/v7e-m+dp/hard/libc_nano.a(lib_a-nano-mallocr.o)
 .ARM.attributes
                0x00000000000007a9       0x32 /home/user/STM32Toolchain/gcc-arm-none-eabi-9-2020-q2-update-x86_64-linux/gcc-arm-none-eabi-9-2020-q2-update/bin/../lib/gcc/arm-none-eabi/9.3.1/../../../../arm-none-eabi/lib/thumb/v7e-m+dp/hard/libc_nano.a(lib_a-sbrkr.o)
 .ARM.attributes
                0x00000000000007db       0x32 /home/user/STM32Toolchain/gcc-arm-none-eabi-9-2020-q2-update-x86_64-linux/gcc-arm-none-eabi-9-2020-q2-update/bin/../lib/gcc/arm-none-eabi/9.3.1/../../../../arm-none-eabi/lib/thumb/v7e-m+dp/hard/libc_nano.a(lib_a-stdio.o)
 .ARM.attributes
                0x000000000000080d       0x32 /home/user/STM32Toolchain/gcc-arm-none-eabi-9-2020-q2-update-x86_64-linux/gcc-arm-none-eabi-9-2020-q2-update/bin/../lib/gcc/arm-none-eabi/9.3.1/../../../../arm-none-eabi/lib/thumb/v7e-m+dp/hard/libc_nano.a(lib_a-writer.o)
 .ARM.attributes
                0x000000000000083f       0x32 /home/user/STM32Toolchain/gcc-arm-none-eabi-9-2020-q2-update-x86_64-linux/gcc-arm-none-eabi-9-2020-q2-update/bin/../lib/gcc/arm-none-eabi/9.3.1/../../../../arm-none-eabi/lib/thumb/v7e-m+dp/hard/libc_nano.a(lib_a-closer.o)
 .ARM.attributes
                0x0000000000000871       0x32 /home/user/STM32Toolchain/gcc-arm-none-eabi-9-2020-q2-update-x86_64-linux/gcc-arm-none-eabi-9-2020-q2-update/bin/../lib/gcc/arm-none-eabi/9.3.1/../../../../arm-none-eabi/lib/thumb/v7e-m+dp/hard/libc_nano.a(lib_a-fstatr.o)
 .ARM.attributes
                0x00000000000008a3       0x32 /home/user/STM32Toolchain/gcc-arm-none-eabi-9-2020-q2-update-x86_64-linux/gcc-arm-none-eabi-9-2020-q2-update/bin/../lib/gcc/arm-none-eabi/9.3.1/../../../../arm-none-eabi/lib/thumb/v7e-m+dp/hard/libc_nano.a(lib_a-isattyr.o)
 .ARM.attributes
                0x00000000000008d5       0x32 /home/user/STM32Toolchain/gcc-arm-none-eabi-9-2020-q2-update-x86_64-linux/gcc-arm-none-eabi-9-2020-q2-update/bin/../lib/gcc/arm-none-eabi/9.3.1/../../../../arm-none-eabi/lib/thumb/v7e-m+dp/hard/libc_nano.a(lib_a-lseekr.o)
 .ARM.attributes
                0x0000000000000907       0x32 /home/user/STM32Toolchain/gcc-arm-none-eabi-9-2020-q2-update-x86_64-linux/gcc-arm-none-eabi-9-2020-q2-update/bin/../lib/gcc/arm-none-eabi/9.3.1/../../../../arm-none-eabi/lib/thumb/v7e-m+dp/hard/libc_nano.a(lib_a-mlock.o)
 .ARM.attributes
                0x0000000000000939       0x32 /home/user/STM32Toolchain/gcc-arm-none-eabi-9-2020-q2-update-x86_64-linux/gcc-arm-none-eabi-9-2020-q2-update/bin/../lib/gcc/arm-none-eabi/9.3.1/../../../../arm-none-eabi/lib/thumb/v7e-m+dp/hard/libc_nano.a(lib_a-readr.o)
 .ARM.attributes
                0x000000000000096b       0x32 /home/user/STM32Toolchain/gcc-arm-none-eabi-9-2020-q2-update-x86_64-linux/gcc-arm-none-eabi-9-2020-q2-update/bin/../lib/gcc/arm-none-eabi/9.3.1/../../../../arm-none-eabi/lib/thumb/v7e-m+dp/hard/libc_nano.a(lib_a-reent.o)
 .ARM.attributes
                0x000000000000099d       0x32 /home/user/STM32Toolchain/gcc-arm-none-eabi-9-2020-q2-update-x86_64-linux/gcc-arm-none-eabi-9-2020-q2-update/bin/../lib/gcc/arm-none-eabi/9.3.1/../../../../arm-none-eabi/lib/thumb/v7e-m+dp/hard/libnosys.a(sbrk.o)
 .ARM.attributes
                0x00000000000009cf       0x1e /home/user/STM32Toolchain/gcc-arm-none-eabi-9-2020-q2-update-x86_64-linux/gcc-arm-none-eabi-9-2020-q2-update/bin/../lib/gcc/arm-none-eabi/9.3.1/thumb/v7e-m+dp/hard/libgcc.a(_aeabi_uldivmod.o)
 .ARM.attributes
                0x00000000000009ed       0x32 /home/user/STM32Toolchain/gcc-arm-none-eabi-9-2020-q2-update-x86_64-linux/gcc-arm-none-eabi-9-2020-q2-update/bin/../lib/gcc/arm-none-eabi/9.3.1/thumb/v7e-m+dp/hard/libgcc.a(_udivmoddi4.o)
 .ARM.attributes
                0x0000000000000a1f       0x1e /home/user/STM32Toolchain/gcc-arm-none-eabi-9-2020-q2-update-x86_64-linux/gcc-arm-none-eabi-9-2020-q2-update/bin/../lib/gcc/arm-none-eabi/9.3.1/thumb/v7e-m+dp/hard/libgcc.a(_dvmd_tls.o)
 .ARM.attributes
                0x0000000000000a3d       0x1e /home/user/STM32Toolchain/gcc-arm-none-eabi-9-2020-q2-update-x86_64-linux/gcc-arm-none-eabi-9-2020-q2-update/bin/../lib/gcc/arm-none-eabi/9.3.1/thumb/v7e-m+dp/hard/crtn.o
OUTPUT(build/bootloader.elf elf32-littlearm)
LOAD linker stubs
LOAD /home/user/STM32Toolchain/gcc-arm-none-eabi-9-2020-q2-update-x86_64-linux/gcc-arm-none-eabi-9-2020-q2-update/bin/../lib/gcc/arm-none-eabi/9.3.1/../../../../arm-none-eabi/lib/thumb/v7e-m+dp/hard/libc.a
LOAD /home/user/STM32Toolchain/gcc-arm-none-eabi-9-2020-q2-update-x86_64-linux/gcc-arm-none-eabi-9-2020-q2-update/bin/../lib/gcc/arm-none-eabi/9.3.1/../../../../arm-none-eabi/lib/thumb/v7e-m+dp/hard/libm.a
LOAD /home/user/STM32Toolchain/gcc-arm-none-eabi-9-2020-q2-update-x86_64-linux/gcc-arm-none-eabi-9-2020-q2-update/bin/../lib/gcc/arm-none-eabi/9.3.1/thumb/v7e-m+dp/hard/libgcc.a

.debug_info     0x0000000000000000    0x1d412
 .debug_info    0x0000000000000000     0x2c94 build/main.o
 .debug_info    0x0000000000002c94      0x912 build/stm32f7xx_it.o
 .debug_info    0x00000000000035a6     0x2538 build/stm32f7xx_hal_msp.o
 .debug_info    0x0000000000005ade     0x1502 build/stm32f7xx_hal_cortex.o
 .debug_info    0x0000000000006fe0      0xd75 build/stm32f7xx_hal_rcc.o
 .debug_info    0x0000000000007d55      0xa69 build/stm32f7xx_hal_rcc_ex.o
 .debug_info    0x00000000000087be      0x958 build/stm32f7xx_hal_gpio.o
 .debug_info    0x0000000000009116      0xc8b build/stm32f7xx_hal_dma.o
 .debug_info    0x0000000000009da1      0xc81 build/stm32f7xx_hal.o
 .debug_info    0x000000000000aa22     0x4162 build/stm32f7xx_hal_i2c.o
 .debug_info    0x000000000000eb84      0xbac build/stm32f7xx_hal_i2c_ex.o
 .debug_info    0x000000000000f730      0x88b build/system_stm32f7xx.o
 .debug_info    0x000000000000ffbb     0x1763 build/stm32f7xx_hal_ltdc.o
 .debug_info    0x000000000001171e     0x1b65 build/stm32f7xx_hal_qspi.o
 .debug_info    0x0000000000013283     0x220a build/stm32f7xx_hal_uart.o
 .debug_info    0x000000000001548d      0xf8a build/stm32f7xx_ll_fmc.o
 .debug_info    0x0000000000016417     0x1102 build/stm32f7xx_hal_sdram.o
 .debug_info    0x0000000000017519     0x16e8 build/serial.o
 .debug_info    0x0000000000018c01     0x1468 build/lcd.o
 .debug_info    0x000000000001a069      0x52f build/ts.o
 .debug_info    0x000000000001a598      0xd64 build/touch.o
 .debug_info    0x000000000001b2fc     0x1146 build/sdram.o
 .debug_info    0x000000000001c442      0xfae build/sx8650.o
 .debug_info    0x000000000001d3f0       0x22 build/startup_stm32f769xx.o

.debug_abbrev   0x0000000000000000     0x38a8
 .debug_abbrev  0x0000000000000000      0x303 build/main.o
 .debug_abbrev  0x0000000000000303      0x1a2 build/stm32f7xx_it.o
 .debug_abbrev  0x00000000000004a5      0x25a build/stm32f7xx_hal_msp.o
 .debug_abbrev  0x00000000000006ff      0x3a8 build/stm32f7xx_hal_cortex.o
 .debug_abbrev  0x0000000000000aa7      0x2f5 build/stm32f7xx_hal_rcc.o
 .debug_abbrev  0x0000000000000d9c      0x203 build/stm32f7xx_hal_rcc_ex.o
 .debug_abbrev  0x0000000000000f9f      0x258 build/stm32f7xx_hal_gpio.o
 .debug_abbrev  0x00000000000011f7      0x312 build/stm32f7xx_hal_dma.o
 .debug_abbrev  0x0000000000001509      0x21c build/stm32f7xx_hal.o
 .debug_abbrev  0x0000000000001725      0x2fc build/stm32f7xx_hal_i2c.o
 .debug_abbrev  0x0000000000001a21      0x1e2 build/stm32f7xx_hal_i2c_ex.o
 .debug_abbrev  0x0000000000001c03      0x159 build/system_stm32f7xx.o
 .debug_abbrev  0x0000000000001d5c      0x282 build/stm32f7xx_hal_ltdc.o
 .debug_abbrev  0x0000000000001fde      0x2b0 build/stm32f7xx_hal_qspi.o
 .debug_abbrev  0x000000000000228e      0x2ac build/stm32f7xx_hal_uart.o
 .debug_abbrev  0x000000000000253a      0x1eb build/stm32f7xx_ll_fmc.o
 .debug_abbrev  0x0000000000002725      0x291 build/stm32f7xx_hal_sdram.o
 .debug_abbrev  0x00000000000029b6      0x260 build/serial.o
 .debug_abbrev  0x0000000000002c16      0x305 build/lcd.o
 .debug_abbrev  0x0000000000002f1b      0x1f1 build/ts.o
 .debug_abbrev  0x000000000000310c      0x22f build/touch.o
 .debug_abbrev  0x000000000000333b      0x26f build/sdram.o
 .debug_abbrev  0x00000000000035aa      0x2ec build/sx8650.o
 .debug_abbrev  0x0000000000003896       0x12 build/startup_stm32f769xx.o

.debug_loc      0x0000000000000000    0x1056e
 .debug_loc     0x0000000000000000      0x156 build/main.o
 .debug_loc     0x0000000000000156       0x60 build/stm32f7xx_it.o
 .debug_loc     0x00000000000001b6      0x4b2 build/stm32f7xx_hal_msp.o
 .debug_loc     0x0000000000000668      0x7c4 build/stm32f7xx_hal_cortex.o
 .debug_loc     0x0000000000000e2c      0x7f0 build/stm32f7xx_hal_rcc.o
 .debug_loc     0x000000000000161c      0x973 build/stm32f7xx_hal_rcc_ex.o
 .debug_loc     0x0000000000001f8f      0x5d4 build/stm32f7xx_hal_gpio.o
 .debug_loc     0x0000000000002563      0xd6d build/stm32f7xx_hal_dma.o
 .debug_loc     0x00000000000032d0      0x1e1 build/stm32f7xx_hal.o
 .debug_loc     0x00000000000034b1     0x4e3a build/stm32f7xx_hal_i2c.o
 .debug_loc     0x00000000000082eb      0x19c build/stm32f7xx_hal_i2c_ex.o
 .debug_loc     0x0000000000008487      0x16c build/system_stm32f7xx.o
 .debug_loc     0x00000000000085f3     0x1b8d build/stm32f7xx_hal_ltdc.o
 .debug_loc     0x000000000000a180     0x19d7 build/stm32f7xx_hal_qspi.o
 .debug_loc     0x000000000000bb57     0x20d7 build/stm32f7xx_hal_uart.o
 .debug_loc     0x000000000000dc2e      0xb5f build/stm32f7xx_ll_fmc.o
 .debug_loc     0x000000000000e78d      0xf18 build/stm32f7xx_hal_sdram.o
 .debug_loc     0x000000000000f6a5      0x413 build/serial.o
 .debug_loc     0x000000000000fab8      0x5a2 build/lcd.o
 .debug_loc     0x000000000001005a      0x15c build/ts.o
 .debug_loc     0x00000000000101b6       0x40 build/touch.o
 .debug_loc     0x00000000000101f6       0x7a build/sdram.o
 .debug_loc     0x0000000000010270      0x2fe build/sx8650.o

.debug_aranges  0x0000000000000000      0xfd8
 .debug_aranges
                0x0000000000000000       0x60 build/main.o
 .debug_aranges
                0x0000000000000060       0x70 build/stm32f7xx_it.o
 .debug_aranges
                0x00000000000000d0       0x80 build/stm32f7xx_hal_msp.o
 .debug_aranges
                0x0000000000000150       0xa8 build/stm32f7xx_hal_cortex.o
 .debug_aranges
                0x00000000000001f8       0x88 build/stm32f7xx_hal_rcc.o
 .debug_aranges
                0x0000000000000280       0x50 build/stm32f7xx_hal_rcc_ex.o
 .debug_aranges
                0x00000000000002d0       0x58 build/stm32f7xx_hal_gpio.o
 .debug_aranges
                0x0000000000000328       0x90 build/stm32f7xx_hal_dma.o
 .debug_aranges
                0x00000000000003b8      0x110 build/stm32f7xx_hal.o
 .debug_aranges
                0x00000000000004c8      0x288 build/stm32f7xx_hal_i2c.o
 .debug_aranges
                0x0000000000000750       0x38 build/stm32f7xx_hal_i2c_ex.o
 .debug_aranges
                0x0000000000000788       0x28 build/system_stm32f7xx.o
 .debug_aranges
                0x00000000000007b0      0x158 build/stm32f7xx_hal_ltdc.o
 .debug_aranges
                0x0000000000000908      0x168 build/stm32f7xx_hal_qspi.o
 .debug_aranges
                0x0000000000000a70      0x218 build/stm32f7xx_hal_uart.o
 .debug_aranges
                0x0000000000000c88       0xc8 build/stm32f7xx_ll_fmc.o
 .debug_aranges
                0x0000000000000d50       0xd0 build/stm32f7xx_hal_sdram.o
 .debug_aranges
                0x0000000000000e20       0x48 build/serial.o
 .debug_aranges
                0x0000000000000e68       0x48 build/lcd.o
 .debug_aranges
                0x0000000000000eb0       0x48 build/ts.o
 .debug_aranges
                0x0000000000000ef8       0x28 build/touch.o
 .debug_aranges
                0x0000000000000f20       0x28 build/sdram.o
 .debug_aranges
                0x0000000000000f48       0x68 build/sx8650.o
 .debug_aranges
                0x0000000000000fb0       0x28 build/startup_stm32f769xx.o

.debug_ranges   0x0000000000000000      0xec0
 .debug_ranges  0x0000000000000000       0x50 build/main.o
 .debug_ranges  0x0000000000000050       0x60 build/stm32f7xx_it.o
 .debug_ranges  0x00000000000000b0       0x70 build/stm32f7xx_hal_msp.o
 .debug_ranges  0x0000000000000120       0xf8 build/stm32f7xx_hal_cortex.o
 .debug_ranges  0x0000000000000218       0x78 build/stm32f7xx_hal_rcc.o
 .debug_ranges  0x0000000000000290       0x40 build/stm32f7xx_hal_rcc_ex.o
 .debug_ranges  0x00000000000002d0       0x48 build/stm32f7xx_hal_gpio.o
 .debug_ranges  0x0000000000000318       0x80 build/stm32f7xx_hal_dma.o
 .debug_ranges  0x0000000000000398      0x100 build/stm32f7xx_hal.o
 .debug_ranges  0x0000000000000498      0x278 build/stm32f7xx_hal_i2c.o
 .debug_ranges  0x0000000000000710       0x28 build/stm32f7xx_hal_i2c_ex.o
 .debug_ranges  0x0000000000000738       0x18 build/system_stm32f7xx.o
 .debug_ranges  0x0000000000000750      0x148 build/stm32f7xx_hal_ltdc.o
 .debug_ranges  0x0000000000000898      0x158 build/stm32f7xx_hal_qspi.o
 .debug_ranges  0x00000000000009f0      0x208 build/stm32f7xx_hal_uart.o
 .debug_ranges  0x0000000000000bf8       0xb8 build/stm32f7xx_ll_fmc.o
 .debug_ranges  0x0000000000000cb0       0xc0 build/stm32f7xx_hal_sdram.o
 .debug_ranges  0x0000000000000d70       0x38 build/serial.o
 .debug_ranges  0x0000000000000da8       0x38 build/lcd.o
 .debug_ranges  0x0000000000000de0       0x38 build/ts.o
 .debug_ranges  0x0000000000000e18       0x18 build/touch.o
 .debug_ranges  0x0000000000000e30       0x18 build/sdram.o
 .debug_ranges  0x0000000000000e48       0x58 build/sx8650.o
 .debug_ranges  0x0000000000000ea0       0x20 build/startup_stm32f769xx.o

.debug_line     0x0000000000000000    0x127f4
 .debug_line    0x0000000000000000      0x94e build/main.o
 .debug_line    0x000000000000094e      0x384 build/stm32f7xx_it.o
 .debug_line    0x0000000000000cd2      0xa0d build/stm32f7xx_hal_msp.o
 .debug_line    0x00000000000016df      0x815 build/stm32f7xx_hal_cortex.o
 .debug_line    0x0000000000001ef4      0xd69 build/stm32f7xx_hal_rcc.o
 .debug_line    0x0000000000002c5d      0xccd build/stm32f7xx_hal_rcc_ex.o
 .debug_line    0x000000000000392a      0x7a0 build/stm32f7xx_hal_gpio.o
 .debug_line    0x00000000000040ca      0xea6 build/stm32f7xx_hal_dma.o
 .debug_line    0x0000000000004f70      0x633 build/stm32f7xx_hal.o
 .debug_line    0x00000000000055a3     0x47bf build/stm32f7xx_hal_i2c.o
 .debug_line    0x0000000000009d62      0x442 build/stm32f7xx_hal_i2c_ex.o
 .debug_line    0x000000000000a1a4      0x300 build/system_stm32f7xx.o
 .debug_line    0x000000000000a4a4     0x1a3a build/stm32f7xx_hal_ltdc.o
 .debug_line    0x000000000000bede     0x16b1 build/stm32f7xx_hal_qspi.o
 .debug_line    0x000000000000d58f     0x2228 build/stm32f7xx_hal_uart.o
 .debug_line    0x000000000000f7b7      0xa7c build/stm32f7xx_ll_fmc.o
 .debug_line    0x0000000000010233      0xa35 build/stm32f7xx_hal_sdram.o
 .debug_line    0x0000000000010c68      0x547 build/serial.o
 .debug_line    0x00000000000111af      0x660 build/lcd.o
 .debug_line    0x000000000001180f      0x40f build/ts.o
 .debug_line    0x0000000000011c1e      0x327 build/touch.o
 .debug_line    0x0000000000011f45      0x405 build/sdram.o
 .debug_line    0x000000000001234a      0x437 build/sx8650.o
 .debug_line    0x0000000000012781       0x73 build/startup_stm32f769xx.o

.debug_str      0x0000000000000000     0x57bf
 .debug_str     0x0000000000000000     0x1948 build/main.o
                                       0x1b35 (size before relaxing)
 .debug_str     0x0000000000001948      0x106 build/stm32f7xx_it.o
                                        0x884 (size before relaxing)
 .debug_str     0x0000000000001a4e      0x83d build/stm32f7xx_hal_msp.o
                                       0x1841 (size before relaxing)
 .debug_str     0x000000000000228b      0x588 build/stm32f7xx_hal_cortex.o
                                        0xee6 (size before relaxing)
 .debug_str     0x0000000000002813      0x1ee build/stm32f7xx_hal_rcc.o
                                        0x793 (size before relaxing)
 .debug_str     0x0000000000002a01      0x14c build/stm32f7xx_hal_rcc_ex.o
                                        0x7dd (size before relaxing)
 .debug_str     0x0000000000002b4d      0x14e build/stm32f7xx_hal_gpio.o
                                        0x5a1 (size before relaxing)
 .debug_str     0x0000000000002c9b      0x301 build/stm32f7xx_hal_dma.o
                                        0x80a (size before relaxing)
 .debug_str     0x0000000000002f9c      0x293 build/stm32f7xx_hal.o
                                        0xd5f (size before relaxing)
 .debug_str     0x000000000000322f      0x817 build/stm32f7xx_hal_i2c.o
                                       0x1080 (size before relaxing)
 .debug_str     0x0000000000003a46       0x86 build/stm32f7xx_hal_i2c_ex.o
                                        0x9a5 (size before relaxing)
 .debug_str     0x0000000000003acc       0x47 build/system_stm32f7xx.o
                                        0x4d3 (size before relaxing)
 .debug_str     0x0000000000003b13      0x497 build/stm32f7xx_hal_ltdc.o
                                        0xa56 (size before relaxing)
 .debug_str     0x0000000000003faa      0x4e0 build/stm32f7xx_hal_qspi.o
                                        0xc81 (size before relaxing)
 .debug_str     0x000000000000448a      0x6f1 build/stm32f7xx_hal_uart.o
                                        0xff7 (size before relaxing)
 .debug_str     0x0000000000004b7b      0x4f5 build/stm32f7xx_ll_fmc.o
                                        0x952 (size before relaxing)
 .debug_str     0x0000000000005070      0x24d build/stm32f7xx_hal_sdram.o
                                        0xaea (size before relaxing)
 .debug_str     0x00000000000052bd      0x18f build/serial.o
                                        0xc98 (size before relaxing)
 .debug_str     0x000000000000544c       0xf9 build/lcd.o
                                        0xaed (size before relaxing)
 .debug_str     0x0000000000005545       0xf7 build/ts.o
                                        0x3c4 (size before relaxing)
 .debug_str     0x000000000000563c       0x20 build/touch.o
                                        0x73b (size before relaxing)
 .debug_str     0x000000000000565c       0x31 build/sdram.o
                                        0xae6 (size before relaxing)
 .debug_str     0x000000000000568d      0x10e build/sx8650.o
                                        0x6e9 (size before relaxing)
 .debug_str     0x000000000000579b       0x24 build/startup_stm32f769xx.o
                                         0x43 (size before relaxing)

.comment        0x0000000000000000       0x4c
 .comment       0x0000000000000000       0x4c build/main.o
                                         0x4d (size before relaxing)
 .comment       0x000000000000004c       0x4d build/stm32f7xx_it.o
 .comment       0x000000000000004c       0x4d build/stm32f7xx_hal_msp.o
 .comment       0x000000000000004c       0x4d build/stm32f7xx_hal_cortex.o
 .comment       0x000000000000004c       0x4d build/stm32f7xx_hal_rcc.o
 .comment       0x000000000000004c       0x4d build/stm32f7xx_hal_rcc_ex.o
 .comment       0x000000000000004c       0x4d build/stm32f7xx_hal_gpio.o
 .comment       0x000000000000004c       0x4d build/stm32f7xx_hal_dma.o
 .comment       0x000000000000004c       0x4d build/stm32f7xx_hal.o
 .comment       0x000000000000004c       0x4d build/stm32f7xx_hal_i2c.o
 .comment       0x000000000000004c       0x4d build/stm32f7xx_hal_i2c_ex.o
 .comment       0x000000000000004c       0x4d build/system_stm32f7xx.o
 .comment       0x000000000000004c       0x4d build/stm32f7xx_hal_ltdc.o
 .comment       0x000000000000004c       0x4d build/stm32f7xx_hal_qspi.o
 .comment       0x000000000000004c       0x4d build/stm32f7xx_hal_uart.o
 .comment       0x000000000000004c       0x4d build/stm32f7xx_ll_fmc.o
 .comment       0x000000000000004c       0x4d build/stm32f7xx_hal_sdram.o
 .comment       0x000000000000004c       0x4d build/serial.o
 .comment       0x000000000000004c       0x4d build/lcd.o
 .comment       0x000000000000004c       0x4d build/ts.o
 .comment       0x000000000000004c       0x4d build/touch.o
 .comment       0x000000000000004c       0x4d build/sdram.o
 .comment       0x000000000000004c       0x4d build/sx8650.o

.debug_frame    0x0000000000000000     0x3240
 .debug_frame   0x0000000000000000      0x104 build/main.o
 .debug_frame   0x0000000000000104       0xd8 build/stm32f7xx_it.o
 .debug_frame   0x00000000000001dc      0x190 build/stm32f7xx_hal_msp.o
 .debug_frame   0x000000000000036c      0x15c build/stm32f7xx_hal_cortex.o
 .debug_frame   0x00000000000004c8      0x180 build/stm32f7xx_hal_rcc.o
 .debug_frame   0x0000000000000648       0xcc build/stm32f7xx_hal_rcc_ex.o
 .debug_frame   0x0000000000000714       0xd8 build/stm32f7xx_hal_gpio.o
 .debug_frame   0x00000000000007ec      0x188 build/stm32f7xx_hal_dma.o
 .debug_frame   0x0000000000000974      0x22c build/stm32f7xx_hal.o
 .debug_frame   0x0000000000000ba0      0x928 build/stm32f7xx_hal_i2c.o
 .debug_frame   0x00000000000014c8       0x60 build/stm32f7xx_hal_i2c_ex.o
 .debug_frame   0x0000000000001528       0x30 build/system_stm32f7xx.o
 .debug_frame   0x0000000000001558      0x3f4 build/stm32f7xx_hal_ltdc.o
 .debug_frame   0x000000000000194c      0x414 build/stm32f7xx_hal_qspi.o
 .debug_frame   0x0000000000001d60      0x5d4 build/stm32f7xx_hal_uart.o
 .debug_frame   0x0000000000002334      0x1f4 build/stm32f7xx_ll_fmc.o
 .debug_frame   0x0000000000002528      0x244 build/stm32f7xx_hal_sdram.o
 .debug_frame   0x000000000000276c       0xa0 build/serial.o
 .debug_frame   0x000000000000280c       0xc8 build/lcd.o
 .debug_frame   0x00000000000028d4       0xa0 build/ts.o
 .debug_frame   0x0000000000002974       0x40 build/touch.o
 .debug_frame   0x00000000000029b4       0x48 build/sdram.o
 .debug_frame   0x00000000000029fc       0xfc build/sx8650.o
 .debug_frame   0x0000000000002af8       0x20 /home/user/STM32Toolchain/gcc-arm-none-eabi-9-2020-q2-update-x86_64-linux/gcc-arm-none-eabi-9-2020-q2-update/bin/../lib/gcc/arm-none-eabi/9.3.1/../../../../arm-none-eabi/lib/thumb/v7e-m+dp/hard/libc_nano.a(lib_a-errno.o)
 .debug_frame   0x0000000000002b18       0x2c /home/user/STM32Toolchain/gcc-arm-none-eabi-9-2020-q2-update-x86_64-linux/gcc-arm-none-eabi-9-2020-q2-update/bin/../lib/gcc/arm-none-eabi/9.3.1/../../../../arm-none-eabi/lib/thumb/v7e-m+dp/hard/libc_nano.a(lib_a-init.o)
 .debug_frame   0x0000000000002b44       0x20 /home/user/STM32Toolchain/gcc-arm-none-eabi-9-2020-q2-update-x86_64-linux/gcc-arm-none-eabi-9-2020-q2-update/bin/../lib/gcc/arm-none-eabi/9.3.1/../../../../arm-none-eabi/lib/thumb/v7e-m+dp/hard/libc_nano.a(lib_a-memset.o)
 .debug_frame   0x0000000000002b64       0x3c /home/user/STM32Toolchain/gcc-arm-none-eabi-9-2020-q2-update-x86_64-linux/gcc-arm-none-eabi-9-2020-q2-update/bin/../lib/gcc/arm-none-eabi/9.3.1/../../../../arm-none-eabi/lib/thumb/v7e-m+dp/hard/libc_nano.a(lib_a-puts.o)
 .debug_frame   0x0000000000002ba0       0x40 /home/user/STM32Toolchain/gcc-arm-none-eabi-9-2020-q2-update-x86_64-linux/gcc-arm-none-eabi-9-2020-q2-update/bin/../lib/gcc/arm-none-eabi/9.3.1/../../../../arm-none-eabi/lib/thumb/v7e-m+dp/hard/libc_nano.a(lib_a-wbuf.o)
 .debug_frame   0x0000000000002be0       0x2c /home/user/STM32Toolchain/gcc-arm-none-eabi-9-2020-q2-update-x86_64-linux/gcc-arm-none-eabi-9-2020-q2-update/bin/../lib/gcc/arm-none-eabi/9.3.1/../../../../arm-none-eabi/lib/thumb/v7e-m+dp/hard/libc_nano.a(lib_a-wsetup.o)
 .debug_frame   0x0000000000002c0c       0x5c /home/user/STM32Toolchain/gcc-arm-none-eabi-9-2020-q2-update-x86_64-linux/gcc-arm-none-eabi-9-2020-q2-update/bin/../lib/gcc/arm-none-eabi/9.3.1/../../../../arm-none-eabi/lib/thumb/v7e-m+dp/hard/libc_nano.a(lib_a-fflush.o)
 .debug_frame   0x0000000000002c68      0x14c /home/user/STM32Toolchain/gcc-arm-none-eabi-9-2020-q2-update-x86_64-linux/gcc-arm-none-eabi-9-2020-q2-update/bin/../lib/gcc/arm-none-eabi/9.3.1/../../../../arm-none-eabi/lib/thumb/v7e-m+dp/hard/libc_nano.a(lib_a-findfp.o)
 .debug_frame   0x0000000000002db4       0x54 /home/user/STM32Toolchain/gcc-arm-none-eabi-9-2020-q2-update-x86_64-linux/gcc-arm-none-eabi-9-2020-q2-update/bin/../lib/gcc/arm-none-eabi/9.3.1/../../../../arm-none-eabi/lib/thumb/v7e-m+dp/hard/libc_nano.a(lib_a-fwalk.o)
 .debug_frame   0x0000000000002e08       0xb0 /home/user/STM32Toolchain/gcc-arm-none-eabi-9-2020-q2-update-x86_64-linux/gcc-arm-none-eabi-9-2020-q2-update/bin/../lib/gcc/arm-none-eabi/9.3.1/../../../../arm-none-eabi/lib/thumb/v7e-m+dp/hard/libc_nano.a(lib_a-lock.o)
 .debug_frame   0x0000000000002eb8       0x58 /home/user/STM32Toolchain/gcc-arm-none-eabi-9-2020-q2-update-x86_64-linux/gcc-arm-none-eabi-9-2020-q2-update/bin/../lib/gcc/arm-none-eabi/9.3.1/../../../../arm-none-eabi/lib/thumb/v7e-m+dp/hard/libc_nano.a(lib_a-makebuf.o)
 .debug_frame   0x0000000000002f10       0x38 /home/user/STM32Toolchain/gcc-arm-none-eabi-9-2020-q2-update-x86_64-linux/gcc-arm-none-eabi-9-2020-q2-update/bin/../lib/gcc/arm-none-eabi/9.3.1/../../../../arm-none-eabi/lib/thumb/v7e-m+dp/hard/libc_nano.a(lib_a-nano-freer.o)
 .debug_frame   0x0000000000002f48       0x30 /home/user/STM32Toolchain/gcc-arm-none-eabi-9-2020-q2-update-x86_64-linux/gcc-arm-none-eabi-9-2020-q2-update/bin/../lib/gcc/arm-none-eabi/9.3.1/../../../../arm-none-eabi/lib/thumb/v7e-m+dp/hard/libc_nano.a(lib_a-nano-mallocr.o)
 .debug_frame   0x0000000000002f78       0x2c /home/user/STM32Toolchain/gcc-arm-none-eabi-9-2020-q2-update-x86_64-linux/gcc-arm-none-eabi-9-2020-q2-update/bin/../lib/gcc/arm-none-eabi/9.3.1/../../../../arm-none-eabi/lib/thumb/v7e-m+dp/hard/libc_nano.a(lib_a-sbrkr.o)
 .debug_frame   0x0000000000002fa4       0x88 /home/user/STM32Toolchain/gcc-arm-none-eabi-9-2020-q2-update-x86_64-linux/gcc-arm-none-eabi-9-2020-q2-update/bin/../lib/gcc/arm-none-eabi/9.3.1/../../../../arm-none-eabi/lib/thumb/v7e-m+dp/hard/libc_nano.a(lib_a-stdio.o)
 .debug_frame   0x000000000000302c       0x2c /home/user/STM32Toolchain/gcc-arm-none-eabi-9-2020-q2-update-x86_64-linux/gcc-arm-none-eabi-9-2020-q2-update/bin/../lib/gcc/arm-none-eabi/9.3.1/../../../../arm-none-eabi/lib/thumb/v7e-m+dp/hard/libc_nano.a(lib_a-writer.o)
 .debug_frame   0x0000000000003058       0x2c /home/user/STM32Toolchain/gcc-arm-none-eabi-9-2020-q2-update-x86_64-linux/gcc-arm-none-eabi-9-2020-q2-update/bin/../lib/gcc/arm-none-eabi/9.3.1/../../../../arm-none-eabi/lib/thumb/v7e-m+dp/hard/libc_nano.a(lib_a-closer.o)
 .debug_frame   0x0000000000003084       0x2c /home/user/STM32Toolchain/gcc-arm-none-eabi-9-2020-q2-update-x86_64-linux/gcc-arm-none-eabi-9-2020-q2-update/bin/../lib/gcc/arm-none-eabi/9.3.1/../../../../arm-none-eabi/lib/thumb/v7e-m+dp/hard/libc_nano.a(lib_a-fstatr.o)
 .debug_frame   0x00000000000030b0       0x2c /home/user/STM32Toolchain/gcc-arm-none-eabi-9-2020-q2-update-x86_64-linux/gcc-arm-none-eabi-9-2020-q2-update/bin/../lib/gcc/arm-none-eabi/9.3.1/../../../../arm-none-eabi/lib/thumb/v7e-m+dp/hard/libc_nano.a(lib_a-isattyr.o)
 .debug_frame   0x00000000000030dc       0x2c /home/user/STM32Toolchain/gcc-arm-none-eabi-9-2020-q2-update-x86_64-linux/gcc-arm-none-eabi-9-2020-q2-update/bin/../lib/gcc/arm-none-eabi/9.3.1/../../../../arm-none-eabi/lib/thumb/v7e-m+dp/hard/libc_nano.a(lib_a-lseekr.o)
 .debug_frame   0x0000000000003108       0x30 /home/user/STM32Toolchain/gcc-arm-none-eabi-9-2020-q2-update-x86_64-linux/gcc-arm-none-eabi-9-2020-q2-update/bin/../lib/gcc/arm-none-eabi/9.3.1/../../../../arm-none-eabi/lib/thumb/v7e-m+dp/hard/libc_nano.a(lib_a-mlock.o)
 .debug_frame   0x0000000000003138       0x2c /home/user/STM32Toolchain/gcc-arm-none-eabi-9-2020-q2-update-x86_64-linux/gcc-arm-none-eabi-9-2020-q2-update/bin/../lib/gcc/arm-none-eabi/9.3.1/../../../../arm-none-eabi/lib/thumb/v7e-m+dp/hard/libc_nano.a(lib_a-readr.o)
 .debug_frame   0x0000000000003164       0x5c /home/user/STM32Toolchain/gcc-arm-none-eabi-9-2020-q2-update-x86_64-linux/gcc-arm-none-eabi-9-2020-q2-update/bin/../lib/gcc/arm-none-eabi/9.3.1/../../../../arm-none-eabi/lib/thumb/v7e-m+dp/hard/libc_nano.a(lib_a-reent.o)
 .debug_frame   0x00000000000031c0       0x20 /home/user/STM32Toolchain/gcc-arm-none-eabi-9-2020-q2-update-x86_64-linux/gcc-arm-none-eabi-9-2020-q2-update/bin/../lib/gcc/arm-none-eabi/9.3.1/../../../../arm-none-eabi/lib/thumb/v7e-m+dp/hard/libnosys.a(sbrk.o)
 .debug_frame   0x00000000000031e0       0x2c /home/user/STM32Toolchain/gcc-arm-none-eabi-9-2020-q2-update-x86_64-linux/gcc-arm-none-eabi-9-2020-q2-update/bin/../lib/gcc/arm-none-eabi/9.3.1/thumb/v7e-m+dp/hard/libgcc.a(_aeabi_uldivmod.o)
 .debug_frame   0x000000000000320c       0x34 /home/user/STM32Toolchain/gcc-arm-none-eabi-9-2020-q2-update-x86_64-linux/gcc-arm-none-eabi-9-2020-q2-update/bin/../lib/gcc/arm-none-eabi/9.3.1/thumb/v7e-m+dp/hard/libgcc.a(_udivmoddi4.o)

Cross Reference Table

Symbol                                            File
ADC_IRQHandler                                    build/startup_stm32f769xx.o
AHBPrescTable                                     build/system_stm32f7xx.o
                                                  build/stm32f7xx_hal_rcc.o
APBPrescTable                                     build/system_stm32f7xx.o
                                                  build/stm32f7xx_hal_rcc.o
BSP_LCD_DisplayStringAt                           build/lcd.o
                                                  build/main.o
BusFault_Handler                                  build/stm32f7xx_it.o
CAN1_RX0_IRQHandler                               build/startup_stm32f769xx.o
CAN1_RX1_IRQHandler                               build/startup_stm32f769xx.o
CAN1_SCE_IRQHandler                               build/startup_stm32f769xx.o
CAN1_TX_IRQHandler                                build/startup_stm32f769xx.o
CAN2_RX0_IRQHandler                               build/startup_stm32f769xx.o
CAN2_RX1_IRQHandler                               build/startup_stm32f769xx.o
CAN2_SCE_IRQHandler                               build/startup_stm32f769xx.o
CAN2_TX_IRQHandler                                build/startup_stm32f769xx.o
CAN3_RX0_IRQHandler                               build/startup_stm32f769xx.o
CAN3_RX1_IRQHandler                               build/startup_stm32f769xx.o
CAN3_SCE_IRQHandler                               build/startup_stm32f769xx.o
CAN3_TX_IRQHandler                                build/startup_stm32f769xx.o
CEC_IRQHandler                                    build/startup_stm32f769xx.o
DCMI_IRQHandler                                   build/startup_stm32f769xx.o
DFSDM1_FLT0_IRQHandler                            build/startup_stm32f769xx.o
DFSDM1_FLT1_IRQHandler                            build/startup_stm32f769xx.o
DFSDM1_FLT2_IRQHandler                            build/startup_stm32f769xx.o
DFSDM1_FLT3_IRQHandler                            build/startup_stm32f769xx.o
DMA1_Stream0_IRQHandler                           build/startup_stm32f769xx.o
DMA1_Stream1_IRQHandler                           build/startup_stm32f769xx.o
DMA1_Stream2_IRQHandler                           build/startup_stm32f769xx.o
DMA1_Stream3_IRQHandler                           build/startup_stm32f769xx.o
DMA1_Stream4_IRQHandler                           build/startup_stm32f769xx.o
DMA1_Stream5_IRQHandler                           build/startup_stm32f769xx.o
DMA1_Stream6_IRQHandler                           build/startup_stm32f769xx.o
DMA1_Stream7_IRQHandler                           build/startup_stm32f769xx.o